Using pre-set license
Built from '6000.0/release' branch; Version is '6000.0.29f1 (9fafe5c9db65) revision 10465253'; Using compiler version '193933523'; Build Type 'Release'
OS: 'Windows 10  (10.0.19045) 64bit Core' Language: 'ko' Physical Memory: 16314 MB
BatchMode: 1, IsHumanControllingUs: 0, StartBugReporterOnCrash: 0, Is64bit: 1, IsPro: 1

COMMAND LINE ARGUMENTS:
C:\Program Files\Unity\Hub\Editor\6000.0.29f1\Editor\Unity.exe
-adb2
-batchMode
-noUpm
-name
AssetImportWorker0
-projectPath
C:/Users/Ellen/Desktop/Project/25_Dorememe/Dorememe4
-logFile
Logs/AssetImportWorker0.log
-srvPort
53407
-job-worker-count
3
-background-job-worker-count
8
-asset-garbage-collectors
1
Successfully changed project path to: C:/Users/Ellen/Desktop/Project/25_Dorememe/Dorememe4
C:/Users/Ellen/Desktop/Project/25_Dorememe/Dorememe4
[UnityMemory] Configuration Parameters - Can be set up in boot.config
    "memorysetup-bucket-allocator-granularity=16"
    "memorysetup-bucket-allocator-bucket-count=8"
    "memorysetup-bucket-allocator-block-size=33554432"
    "memorysetup-bucket-allocator-block-count=8"
    "memorysetup-main-allocator-block-size=16777216"
    "memorysetup-thread-allocator-block-size=16777216"
    "memorysetup-gfx-main-allocator-block-size=16777216"
    "memorysetup-gfx-thread-allocator-block-size=16777216"
    "memorysetup-cache-allocator-block-size=4194304"
    "memorysetup-typetree-allocator-block-size=2097152"
    "memorysetup-profiler-bucket-allocator-granularity=16"
    "memorysetup-profiler-bucket-allocator-bucket-count=8"
    "memorysetup-profiler-bucket-allocator-block-size=33554432"
    "memorysetup-profiler-bucket-allocator-block-count=8"
    "memorysetup-profiler-allocator-block-size=16777216"
    "memorysetup-profiler-editor-allocator-block-size=1048576"
    "memorysetup-temp-allocator-size-main=16777216"
    "memorysetup-job-temp-allocator-block-size=2097152"
    "memorysetup-job-temp-allocator-block-size-background=1048576"
    "memorysetup-job-temp-allocator-reduction-small-platforms=262144"
    "memorysetup-allocator-temp-initial-block-size-main=262144"
    "memorysetup-allocator-temp-initial-block-size-worker=262144"
    "memorysetup-temp-allocator-size-background-worker=32768"
    "memorysetup-temp-allocator-size-job-worker=262144"
    "memorysetup-temp-allocator-size-preload-manager=33554432"
    "memorysetup-temp-allocator-size-nav-mesh-worker=65536"
    "memorysetup-temp-allocator-size-audio-worker=65536"
    "memorysetup-temp-allocator-size-cloud-worker=32768"
    "memorysetup-temp-allocator-size-gi-baking-worker=262144"
    "memorysetup-temp-allocator-size-gi-baking-worker=262144"
    "memorysetup-temp-allocator-size-gi-baking-worker=262144"
    "memorysetup-temp-allocator-size-gi-baking-worker=262144"
    "memorysetup-temp-allocator-size-gi-baking-worker=262144"
    "memorysetup-temp-allocator-size-gfx=262144"
Player connection [6956]  Target information:

Player connection [6956]  * "[IP] 192.168.55.15 [Port] 0 [Flags] 2 [Guid] 2067665855 [EditorId] 2067665855 [Version] 1048832 [Id] WindowsEditor(7,DESKTOP-6IHTGVK) [Debug] 1 [PackageName] WindowsEditor [ProjectName] Editor" 

Player connection [6956] Host joined multi-casting on [225.0.0.222:54997]...
Player connection [6956] Host joined alternative multi-casting on [225.0.0.222:34997]...
JobSystem: Creating JobQueue using job-worker-count value 3
[Physics::Module] Initialized fallback backend.
[Physics::Module] Id: 0xdecafbad
Library Redirect Path: Library/
[Physics::Module] Selected backend.
[Physics::Module] Name: PhysX
[Physics::Module] Id: 0xf2b8ea05
[Physics::Module] SDK Version: 4.1.2
[Physics::Module] Integration Version: 1.0.0
[Physics::Module] Threading Mode: Multi-Threaded
Refreshing native plugins compatible for Editor in 28.88 ms, found 18 plugins.
Unity memory allocator detected: MetaXRAudio native memory allocations will be tracked.
Preloading 2 native plugins for Editor in 1.99 ms.
Initialize engine version: 6000.0.29f1 (9fafe5c9db65)
[Subsystems] Discovering subsystems at path C:/Program Files/Unity/Hub/Editor/6000.0.29f1/Editor/Data/Resources/UnitySubsystems
[Subsystems] Discovering subsystems at path C:/Users/Ellen/Desktop/Project/25_Dorememe/Dorememe4/Assets
[Subsystems] No descriptors matched for  examples in Assets/MeshingFeaturePlugin/UnitySubsystemsManifest.json.
[Subsystems] No descriptors matched for  inputs in Assets/MeshingFeaturePlugin/UnitySubsystemsManifest.json.
[Subsystems] No descriptors matched for  displays in Assets/MeshingFeaturePlugin/UnitySubsystemsManifest.json.
[Subsystems] 1 'meshings' descriptors matched in Assets/MeshingFeaturePlugin/UnitySubsystemsManifest.json
GfxDevice: creating device client; kGfxThreadingModeNonThreaded
Direct3D:
    Version:  Direct3D 11.0 [level 11.1]
    Renderer: NVIDIA GeForce RTX 2060 (ID=0x1e89)
    Vendor:   NVIDIA
    VRAM:     5945 MB
    Driver:   32.0.15.8157
Shader 'Universal Render Pipeline/Nature/SpeedTree7': fallback shader 'Hidden/Universal Render Pipeline/FallbackError' not found
Shader 'Universal Render Pipeline/Nature/SpeedTree7': dependency 'BillboardShader' shader 'Universal Render Pipeline/Nature/SpeedTree7 Billboard' not found
Shader 'Hidden/Universal Render Pipeline/StencilDeferred': fallback shader 'Hidden/Universal Render Pipeline/FallbackError' not found
Shader 'Hidden/Universal Render Pipeline/FallbackError': fallback shader 'Hidden/Core/FallbackError' not found
Shader 'Universal Render Pipeline/Lit': fallback shader 'Hidden/Universal Render Pipeline/FallbackError' not found
Shader 'Universal Render Pipeline/Particles/Unlit': fallback shader 'Hidden/Universal Render Pipeline/FallbackError' not found
Shader 'Universal Render Pipeline/Simple Lit': fallback shader 'Hidden/Universal Render Pipeline/FallbackError' not found
Shader 'TextMeshPro/Distance Field Overlay': fallback shader 'TextMeshPro/Mobile/Distance Field' not found
Shader 'Universal Render Pipeline/VR/SpatialMapping/Occlusion': fallback shader 'Hidden/Universal Render Pipeline/FallbackError' not found
Shader 'Universal Render Pipeline/VR/SpatialMapping/Wireframe': fallback shader 'Hidden/Universal Render Pipeline/FallbackError' not found
Shader 'Universal Render Pipeline/GBuffer_Visualization_Shader_Sample': fallback shader 'Hidden/Universal Render Pipeline/FallbackError' not found
Shader 'Universal Render Pipeline/Unlit': fallback shader 'Hidden/Universal Render Pipeline/FallbackError' not found
Shader 'TextMeshPro/Distance Field': fallback shader 'TextMeshPro/Mobile/Distance Field' not found
Shader 'Meta/MRUK/Scene/HighlightsAndShadows': fallback shader 'Off' not found
Shader 'Universal Render Pipeline/Particles/Simple Lit': fallback shader 'Universal Render Pipeline/Particles/Unlit' not found
Shader 'Universal Render Pipeline/Particles/Lit': fallback shader 'Universal Render Pipeline/Particles/Simple Lit' not found
Shader 'Oculus/OVRMRCameraFrameLit': fallback shader 'Alpha-Diffuse' not found
Shader 'URP/UI/Prerendered': fallback shader 'UI/Prerendered' not found
Shader 'Universal Render Pipeline/Nature/SpeedTree7 Billboard': fallback shader 'Hidden/Universal Render Pipeline/FallbackError' not found
Shader 'Universal Render Pipeline/Complex Lit': fallback shader 'Hidden/Universal Render Pipeline/FallbackError' not found
Shader 'Universal Render Pipeline/Nature/SpeedTree8': fallback shader 'Hidden/Universal Render Pipeline/FallbackError' not found
Shader 'URP/UI/Prerendered Opaque': fallback shader 'UI/Prerendered Opaque' not found
Shader 'Hidden/Universal Render Pipeline/Terrain/Lit (Add Pass)': fallback shader 'Hidden/Universal Render Pipeline/FallbackError' not found
Shader 'Universal Render Pipeline/Baked Lit': fallback shader 'Universal Render Pipeline/Unlit' not found
Shader 'TextMeshPro/Distance Field SSD': fallback shader 'TextMeshPro/Mobile/Distance Field' not found
Initialize mono
Mono path[0] = 'C:/Program Files/Unity/Hub/Editor/6000.0.29f1/Editor/Data/Managed'
Mono path[1] = 'C:/Program Files/Unity/Hub/Editor/6000.0.29f1/Editor/Data/MonoBleedingEdge/lib/mono/unityjit-win32'
Mono config path = 'C:/Program Files/Unity/Hub/Editor/6000.0.29f1/Editor/Data/MonoBleedingEdge/etc'
Using monoOptions --debugger-agent=transport=dt_socket,embedding=1,server=y,suspend=n,address=127.0.0.1:56348
Begin MonoManager ReloadAssembly
Registering precompiled unity dll's ...
Register platform support module: C:/Program Files/Unity/Hub/Editor/6000.0.29f1/Editor/Data/PlaybackEngines/WindowsStandaloneSupport/UnityEditor.WindowsStandalone.Extensions.dll
Register platform support module: C:/Program Files/Unity/Hub/Editor/6000.0.29f1/Editor/Data/PlaybackEngines/AndroidPlayer/UnityEditor.Android.Extensions.dll
Registered in 0.004606 seconds.
- Loaded All Assemblies, in  0.418 seconds
Native extension for Android target not found
Android Extension - Scanning For ADB Devices 1777 ms
Native extension for WindowsStandalone target not found
Mono: successfully reloaded assembly
- Finished resetting the current domain, in  2.159 seconds
Domain Reload Profiling: 2575ms
	BeginReloadAssembly (148ms)
		ExecutionOrderSort (0ms)
		DisableScriptedObjects (0ms)
		BackupInstance (0ms)
		ReleaseScriptingObjects (0ms)
		CreateAndSetChildDomain (1ms)
	RebuildCommonClasses (38ms)
	RebuildNativeTypeToScriptingClass (13ms)
	initialDomainReloadingComplete (50ms)
	LoadAllAssembliesAndSetupDomain (167ms)
		LoadAssemblies (146ms)
		RebuildTransferFunctionScriptingTraits (0ms)
		AnalyzeDomain (163ms)
			TypeCache.Refresh (162ms)
				TypeCache.ScanAssembly (149ms)
			BuildScriptInfoCaches (0ms)
			ResolveRequiredComponents (0ms)
	FinalizeReload (2160ms)
		ReleaseScriptCaches (0ms)
		RebuildScriptCaches (0ms)
		SetupLoadedEditorAssemblies (2097ms)
			LogAssemblyErrors (0ms)
			InitializePlatformSupportModulesInManaged (1865ms)
			SetLoadedEditorAssemblies (4ms)
			BeforeProcessingInitializeOnLoad (6ms)
			ProcessInitializeOnLoadAttributes (142ms)
			ProcessInitializeOnLoadMethodAttributes (77ms)
			AfterProcessingInitializeOnLoad (3ms)
			EditorAssembliesLoaded (0ms)
		ExecutionOrderSort2 (0ms)
		AwakeInstancesAfterBackupRestoration (0ms)
========================================================================
Worker process is ready to serve import requests
Import Worker Mode flag is 0x00
Begin MonoManager ReloadAssembly
Symbol file LoadedFromMemory is not a mono symbol file
- Loaded All Assemblies, in  1.084 seconds
Script 'CharacterController' has the same name as built-in Unity component.
AddComponent and GetComponent will not work with this script.
'Packages/com.meta.xr.sdk.core/Editor/BuildingBlocks/BlocksWindow.cs' contains partial class of Unity.Object, exactly 1 of the partial classes needs to be in a file with the same filename. This is to know the one that can be referenced from ie. GameObjects
'Packages/com.meta.xr.sdk.core/Editor/BuildingBlocks/BlocksWindowDetailsExtension.cs' contains partial class of Unity.Object, exactly 1 of the partial classes needs to be in a file with the same filename. This is to know the one that can be referenced from ie. GameObjects
'Packages/com.meta.xr.sdk.core/Editor/BuildingBlocks/BlocksWindowCollectionsPageExtension.cs' contains partial class of Unity.Object, exactly 1 of the partial classes needs to be in a file with the same filename. This is to know the one that can be referenced from ie. GameObjects
Refreshing native plugins compatible for Editor in 14.93 ms, found 18 plugins.
Native extension for Android target not found
Native extension for WindowsStandalone target not found
Refreshing native plugins compatible for Editor in 15.32 ms, found 18 plugins.
Package Manager log level set to [2]
[Package Manager] Failed to launch server process. Reason: Unity was launched with the -noUpm command-line argument
[Package Manager] Unable to send message (not connected to server process).
[Package Manager] Cannot connect to Unity Package Manager local server
[Package Manager] Failed to launch server process. Reason: Unity was launched with the -noUpm command-line argument
[Package Manager] Unable to send message (not connected to server process).
[Package Manager] Cannot connect to Unity Package Manager local server
Shader 'Universal Render Pipeline/Terrain/Lit': fallback shader 'Hidden/Universal Render Pipeline/FallbackError' not found
Shader 'Universal Render Pipeline/Terrain/Lit': dependency 'AddPassShader' shader 'Hidden/Universal Render Pipeline/Terrain/Lit (Add Pass)' not found
Shader 'Universal Render Pipeline/Terrain/Lit': dependency 'BaseMapShader' shader 'Hidden/Universal Render Pipeline/Terrain/Lit (Base Pass)' not found
Shader 'Universal Render Pipeline/Terrain/Lit': dependency 'BaseMapGenShader' shader 'Hidden/Universal Render Pipeline/Terrain/Lit (Basemap Gen)' not found
Mono: successfully reloaded assembly
[Package Manager] Failed to launch server process. Reason: Unity was launched with the -noUpm command-line argument
[Package Manager] Unable to send message (not connected to server process).
[Package Manager] Cannot connect to Unity Package Manager local server
[Package Manager] Failed to launch server process. Reason: Unity was launched with the -noUpm command-line argument
[Package Manager] Unable to send message (not connected to server process).
[Package Manager] Cannot connect to Unity Package Manager local server
- Finished resetting the current domain, in  2.844 seconds
Domain Reload Profiling: 3919ms
	BeginReloadAssembly (175ms)
		ExecutionOrderSort (0ms)
		DisableScriptedObjects (6ms)
		BackupInstance (0ms)
		ReleaseScriptingObjects (0ms)
		CreateAndSetChildDomain (29ms)
	RebuildCommonClasses (44ms)
	RebuildNativeTypeToScriptingClass (23ms)
	initialDomainReloadingComplete (42ms)
	LoadAllAssembliesAndSetupDomain (790ms)
		LoadAssemblies (428ms)
		RebuildTransferFunctionScriptingTraits (0ms)
		AnalyzeDomain (469ms)
			TypeCache.Refresh (309ms)
				TypeCache.ScanAssembly (280ms)
			BuildScriptInfoCaches (130ms)
			ResolveRequiredComponents (27ms)
	FinalizeReload (2845ms)
		ReleaseScriptCaches (0ms)
		RebuildScriptCaches (0ms)
		SetupLoadedEditorAssemblies (2176ms)
			LogAssemblyErrors (0ms)
			InitializePlatformSupportModulesInManaged (11ms)
			SetLoadedEditorAssemblies (8ms)
			BeforeProcessingInitializeOnLoad (149ms)
			ProcessInitializeOnLoadAttributes (1774ms)
			ProcessInitializeOnLoadMethodAttributes (222ms)
			AfterProcessingInitializeOnLoad (12ms)
			EditorAssembliesLoaded (1ms)
		ExecutionOrderSort2 (0ms)
		AwakeInstancesAfterBackupRestoration (8ms)
Shader 'Simulation/Standard Lit': fallback shader 'Simulation/Legacy/Standard' not found
WARNING: Shader Unsupported: 'Simulation/Standard Lit' - All subshaders removed
WARNING: Shader Did you use #pragma only_renderers and omit this platform?
WARNING: Shader If subshaders removal was intentional, you may have forgotten turning Fallback off?
WARNING: Shader Unsupported: 'Simulation/Standard Lit' - All subshaders removed
WARNING: Shader Did you use #pragma only_renderers and omit this platform?
WARNING: Shader If subshaders removal was intentional, you may have forgotten turning Fallback off?
Shader 'Simulation/URP/Lit': fallback shader 'Simulation/Legacy/Standard' not found
WARNING: Shader Unsupported: 'Simulation/URP/Lit' - All subshaders removed
WARNING: Shader Did you use #pragma only_renderers and omit this platform?
WARNING: Shader If subshaders removal was intentional, you may have forgotten turning Fallback off?
WARNING: Shader Unsupported: 'Simulation/URP/Lit' - All subshaders removed
WARNING: Shader Did you use #pragma only_renderers and omit this platform?
WARNING: Shader If subshaders removal was intentional, you may have forgotten turning Fallback off?
Shader 'Hidden/Universal Render Pipeline/Terrain/Lit (Base Pass)': fallback shader 'Hidden/Universal Render Pipeline/FallbackError' not found
Shader 'Hidden/Simulation/Synthetic Lit': fallback shader 'Hidden/Simulation/Legacy/Synthetic' not found
WARNING: Shader Unsupported: 'Hidden/Simulation/Synthetic Lit' - All subshaders removed
WARNING: Shader Did you use #pragma only_renderers and omit this platform?
WARNING: Shader If subshaders removal was intentional, you may have forgotten turning Fallback off?
WARNING: Shader Unsupported: 'Hidden/Simulation/Synthetic Lit' - All subshaders removed
WARNING: Shader Did you use #pragma only_renderers and omit this platform?
WARNING: Shader If subshaders removal was intentional, you may have forgotten turning Fallback off?
Shader 'Oculus/OVRMRCameraFrameLit': fallback shader 'Alpha-Diffuse' not found
Shader 'Meta/MRUK/Scene/HighlightsAndShadows': fallback shader 'Off' not found
Launched and connected shader compiler UnityShaderCompiler.exe after 0.02 seconds
Refreshing native plugins compatible for Editor in 17.56 ms, found 18 plugins.
Preloading 2 native plugins for Editor in 0.09 ms.
Unloading 462 Unused Serialized files (Serialized files now loaded: 0)
Unloading 9221 unused Assets / (11.1 MB). Loaded Objects now: 10109.
Memory consumption went from 257.9 MB to 246.8 MB.
Total: 33.272300 ms (FindLiveObjects: 1.289500 ms CreateObjectMapping: 2.159400 ms MarkObjects: 24.301500 ms  DeleteObjects: 5.520900 ms)

========================================================================
Received Prepare
Begin MonoManager ReloadAssembly
NullReferenceException: Object reference not set to an instance of an object
  at Tripolygon.UModeler.Hub.HubAnalytics.OnRelease (System.Boolean isReloading) [0x00019] in <796d15bd8fc549d4a7d2e0ec26344f93>:0 
  at Tripolygon.UModeler.Analytics.AnalyticsBase.Release (System.Boolean isReloading) [0x00000] in <796d15bd8fc549d4a7d2e0ec26344f93>:0 
  at Tripolygon.UModeler.Hub.HubAnalyticsService.OnRelease (System.Boolean isReloading) [0x00000] in <796d15bd8fc549d4a7d2e0ec26344f93>:0 
  at Tripolygon.UModeler.UI.ApplicationServiceBase.Application_Released (System.Object sender, Tripolygon.UModeler.UI.ApplicationReleasedEventArgs e) [0x00007] in <db0f9bfc5ab342038dd25261e46cfd15>:0 
  at (wrapper delegate-invoke) System.EventHandler`1[Tripolygon.UModeler.UI.ApplicationReleasedEventArgs].invoke_void_object_TEventArgs(object,Tripolygon.UModeler.UI.ApplicationReleasedEventArgs)
  at Tripolygon.UModeler.UI.Application.Release (System.Boolean isReloading) [0x0005f] in <db0f9bfc5ab342038dd25261e46cfd15>:0 
  at Tripolygon.UModeler.Editor.UI.UnityEditorApplication+<>c.<.cctor>b__6_1 () [0x00029] in <796d15bd8fc549d4a7d2e0ec26344f93>:0 
  at UnityEditor.AssemblyReloadEvents.OnBeforeAssemblyReload () [0x00017] in <20f98a04ac634cc8bf5f95425bb19bb9>:0 

Symbol file LoadedFromMemory is not a mono symbol file
- Loaded All Assemblies, in  1.219 seconds
Script 'CharacterController' has the same name as built-in Unity component.
AddComponent and GetComponent will not work with this script.
'Packages/com.meta.xr.sdk.core/Editor/BuildingBlocks/BlocksWindow.cs' contains partial class of Unity.Object, exactly 1 of the partial classes needs to be in a file with the same filename. This is to know the one that can be referenced from ie. GameObjects
'Packages/com.meta.xr.sdk.core/Editor/BuildingBlocks/BlocksWindowDetailsExtension.cs' contains partial class of Unity.Object, exactly 1 of the partial classes needs to be in a file with the same filename. This is to know the one that can be referenced from ie. GameObjects
'Packages/com.meta.xr.sdk.core/Editor/BuildingBlocks/BlocksWindowCollectionsPageExtension.cs' contains partial class of Unity.Object, exactly 1 of the partial classes needs to be in a file with the same filename. This is to know the one that can be referenced from ie. GameObjects
Refreshing native plugins compatible for Editor in 15.46 ms, found 18 plugins.
Native extension for Android target not found
Native extension for WindowsStandalone target not found
Refreshing native plugins compatible for Editor in 15.31 ms, found 18 plugins.
[Package Manager] Failed to launch server process. Reason: Unity was launched with the -noUpm command-line argument
[Package Manager] Unable to send message (not connected to server process).
[Package Manager] Cannot connect to Unity Package Manager local server
[Package Manager] Failed to launch server process. Reason: Unity was launched with the -noUpm command-line argument
[Package Manager] Unable to send message (not connected to server process).
[Package Manager] Cannot connect to Unity Package Manager local server
Mono: successfully reloaded assembly
[Package Manager] Failed to launch server process. Reason: Unity was launched with the -noUpm command-line argument
[Package Manager] Unable to send message (not connected to server process).
[Package Manager] Cannot connect to Unity Package Manager local server
- Finished resetting the current domain, in  2.674 seconds
Domain Reload Profiling: 3892ms
	BeginReloadAssembly (433ms)
		ExecutionOrderSort (0ms)
		DisableScriptedObjects (7ms)
		BackupInstance (0ms)
		ReleaseScriptingObjects (0ms)
		CreateAndSetChildDomain (100ms)
	RebuildCommonClasses (37ms)
	RebuildNativeTypeToScriptingClass (15ms)
	initialDomainReloadingComplete (28ms)
	LoadAllAssembliesAndSetupDomain (700ms)
		LoadAssemblies (446ms)
		RebuildTransferFunctionScriptingTraits (0ms)
		AnalyzeDomain (368ms)
			TypeCache.Refresh (10ms)
				TypeCache.ScanAssembly (0ms)
			BuildScriptInfoCaches (324ms)
			ResolveRequiredComponents (30ms)
	FinalizeReload (2678ms)
		ReleaseScriptCaches (0ms)
		RebuildScriptCaches (0ms)
		SetupLoadedEditorAssemblies (1762ms)
			LogAssemblyErrors (0ms)
			InitializePlatformSupportModulesInManaged (16ms)
			SetLoadedEditorAssemblies (9ms)
			BeforeProcessingInitializeOnLoad (185ms)
			ProcessInitializeOnLoadAttributes (1360ms)
			ProcessInitializeOnLoadMethodAttributes (182ms)
			AfterProcessingInitializeOnLoad (10ms)
			EditorAssembliesLoaded (1ms)
		ExecutionOrderSort2 (0ms)
		AwakeInstancesAfterBackupRestoration (15ms)
Shader 'Oculus/OVRMRCameraFrameLit': fallback shader 'Alpha-Diffuse' not found
Shader 'Meta/MRUK/Scene/HighlightsAndShadows': fallback shader 'Off' not found
Refreshing native plugins compatible for Editor in 16.59 ms, found 18 plugins.
Preloading 2 native plugins for Editor in 0.15 ms.
Unloading 92 Unused Serialized files (Serialized files now loaded: 0)
Unloading 9221 unused Assets / (11.7 MB). Loaded Objects now: 10124.
Memory consumption went from 251.8 MB to 240.1 MB.
Total: 29.792400 ms (FindLiveObjects: 1.123100 ms CreateObjectMapping: 2.142900 ms MarkObjects: 20.490300 ms  DeleteObjects: 6.035000 ms)

Prepare: number of updated asset objects reloaded= 0
========================================================================
Received Import Request.
  Time since last request: 348854.026376 seconds.
  path: Assets/01 Scence/Skybox.mat
  artifactKey: Guid(a8bab8a16cf571745b753a507dd16556) Importer(815301076,1909f56bfc062723c751e8b465ee728b)
Start importing Assets/01 Scence/Skybox.mat using Guid(a8bab8a16cf571745b753a507dd16556) Importer(815301076,1909f56bfc062723c751e8b465ee728b) (PreviewImporter) -> (artifact id: 'cf94e92666fd7df65a50aeff2c5089d6') in 0.6525835 seconds
Number of updated asset objects reloaded before import = 0Number of asset objects unloaded after import = 1

========================================================================
Received Import Request.
  Time since last request: 126.881050 seconds.
  path: Assets/01 Scence/Spring.unity
  artifactKey: Guid(12878ebda3d0a324a82a0aec6d620e26) Importer(815301076,1909f56bfc062723c751e8b465ee728b)
Start importing Assets/01 Scence/Spring.unity using Guid(12878ebda3d0a324a82a0aec6d620e26) Importer(815301076,1909f56bfc062723c751e8b465ee728b) (PreviewImporter) -> (artifact id: '1172a9a3dd7fba6f7fa14b138ce1b8c1') in 0.0005379 seconds
Number of updated asset objects reloaded before import = 0Number of asset objects unloaded after import = 0

========================================================================
Received Import Request.
  Time since last request: 20.989073 seconds.
  path: Assets/01 Scence/summer.unity
  artifactKey: Guid(7e70f2558dc3bbd40843024c19550b0b) Importer(815301076,1909f56bfc062723c751e8b465ee728b)
Start importing Assets/01 Scence/summer.unity using Guid(7e70f2558dc3bbd40843024c19550b0b) Importer(815301076,1909f56bfc062723c751e8b465ee728b) (PreviewImporter) -> (artifact id: 'c36bed4d3c9b4e5cc18dcce172ee7f33') in 0.0010113 seconds
Number of updated asset objects reloaded before import = 0Number of asset objects unloaded after import = 0

========================================================================
Received Import Request.
  Time since last request: 20.555894 seconds.
  path: Assets/01 Scence/Intro.unity
  artifactKey: Guid(888b3f1cf6cfc72408efbf34413b1d8d) Importer(815301076,1909f56bfc062723c751e8b465ee728b)
Start importing Assets/01 Scence/Intro.unity using Guid(888b3f1cf6cfc72408efbf34413b1d8d) Importer(815301076,1909f56bfc062723c751e8b465ee728b) (PreviewImporter) -> (artifact id: 'effaf4be9411c4aa02adc281c6cb4c14') in 0.0005633 seconds
Number of updated asset objects reloaded before import = 0Number of asset objects unloaded after import = 0

========================================================================
Received Import Request.
  Time since last request: 137.154427 seconds.
  path: Assets/VRTemplateAssets/Sprites/Icons/Rotate Left.png
  artifactKey: Guid(ae2fef5f6398dd24caa6e6bb247b3d5c) Importer(815301076,1909f56bfc062723c751e8b465ee728b)
Start importing Assets/VRTemplateAssets/Sprites/Icons/Rotate Left.png using Guid(ae2fef5f6398dd24caa6e6bb247b3d5c) Importer(815301076,1909f56bfc062723c751e8b465ee728b) (PreviewImporter) -> (artifact id: '18b42a630a4d031c2e667b9fe9b4f92a') in 0.0411013 seconds
Number of updated asset objects reloaded before import = 0Number of asset objects unloaded after import = 3

========================================================================
Received Import Request.
  Time since last request: 0.000020 seconds.
  path: Assets/VRTemplateAssets/Sprites/UI/Round Radius 10 Top.png
  artifactKey: Guid(de0113b98aad70a419960e61a7d8d6ef) Importer(815301076,1909f56bfc062723c751e8b465ee728b)
Start importing Assets/VRTemplateAssets/Sprites/UI/Round Radius 10 Top.png using Guid(de0113b98aad70a419960e61a7d8d6ef) Importer(815301076,1909f56bfc062723c751e8b465ee728b) (PreviewImporter) -> (artifact id: 'cec9bf421094af063376eb59c1dcc4dd') in 0.0227189 seconds
Number of updated asset objects reloaded before import = 0Number of asset objects unloaded after import = 3

========================================================================
Received Import Request.
  Time since last request: 0.000033 seconds.
  path: Assets/Samples/XR Interaction Toolkit/3.2.1/Spatial Keyboard/Sprites/Round Radius 42.png
  artifactKey: Guid(449392ad90cb7fa42a9081894ee1970e) Importer(815301076,1909f56bfc062723c751e8b465ee728b)
Start importing Assets/Samples/XR Interaction Toolkit/3.2.1/Spatial Keyboard/Sprites/Round Radius 42.png using Guid(449392ad90cb7fa42a9081894ee1970e) Importer(815301076,1909f56bfc062723c751e8b465ee728b) (PreviewImporter) -> (artifact id: '663b926e4f146d1a5c0e5269739980ba') in 0.0221147 seconds
Number of updated asset objects reloaded before import = 0Number of asset objects unloaded after import = 3

========================================================================
Received Import Request.
  Time since last request: 0.000021 seconds.
  path: Assets/Samples/XR Interaction Toolkit/3.2.1/Starter Assets/DemoSceneAssets/Sprites/Round Radius 4 Outline.png
  artifactKey: Guid(b7bad1260586fa746a0b67e930892936) Importer(815301076,1909f56bfc062723c751e8b465ee728b)
Start importing Assets/Samples/XR Interaction Toolkit/3.2.1/Starter Assets/DemoSceneAssets/Sprites/Round Radius 4 Outline.png using Guid(b7bad1260586fa746a0b67e930892936) Importer(815301076,1909f56bfc062723c751e8b465ee728b) (PreviewImporter) -> (artifact id: 'e822a61e7c9b0bbb3f417d739148bf8d') in 0.0189211 seconds
Number of updated asset objects reloaded before import = 0Number of asset objects unloaded after import = 3

========================================================================
Received Import Request.
  Time since last request: 4.500627 seconds.
  path: Assets/Samples/XR Interaction Toolkit/3.2.1/Spatial Keyboard/Sprites/Round Radius Outline 42.png
  artifactKey: Guid(f1c36b648369dc54cb1559836278a461) Importer(815301076,1909f56bfc062723c751e8b465ee728b)
Start importing Assets/Samples/XR Interaction Toolkit/3.2.1/Spatial Keyboard/Sprites/Round Radius Outline 42.png using Guid(f1c36b648369dc54cb1559836278a461) Importer(815301076,1909f56bfc062723c751e8b465ee728b) (PreviewImporter) -> (artifact id: '7acf053100a635d1b6c3e90abb45114a') in 0.0226677 seconds
Number of updated asset objects reloaded before import = 0Number of asset objects unloaded after import = 3

========================================================================
Received Import Request.
  Time since last request: 1.172507 seconds.
  path: Assets/UModelerX_ThemePark_URP_Editable/UModeler-Hub/Editor/Resources/Tripolygon/UModeler/Hub/Views/Controls/HubCountryBox/RU.png
  artifactKey: Guid(fd65bb5daab424facbf18a93e6d10739) Importer(815301076,1909f56bfc062723c751e8b465ee728b)
Start importing Assets/UModelerX_ThemePark_URP_Editable/UModeler-Hub/Editor/Resources/Tripolygon/UModeler/Hub/Views/Controls/HubCountryBox/RU.png using Guid(fd65bb5daab424facbf18a93e6d10739) Importer(815301076,1909f56bfc062723c751e8b465ee728b) (PreviewImporter) -> (artifact id: '332cd8da0e831ae45866917248cb1ceb') in 0.0258868 seconds
Number of updated asset objects reloaded before import = 0Number of asset objects unloaded after import = 3

========================================================================
Received Import Request.
  Time since last request: 0.846841 seconds.
  path: Assets/UModelerX_ThemePark_URP_Editable/UModeler-Hub/Editor/Resources/Tripolygon/UModeler/Hub/Views/Controls/HubCountryBox/SA.png
  artifactKey: Guid(f93900763c2334dd18d328e1ee668b53) Importer(815301076,1909f56bfc062723c751e8b465ee728b)
Start importing Assets/UModelerX_ThemePark_URP_Editable/UModeler-Hub/Editor/Resources/Tripolygon/UModeler/Hub/Views/Controls/HubCountryBox/SA.png using Guid(f93900763c2334dd18d328e1ee668b53) Importer(815301076,1909f56bfc062723c751e8b465ee728b) (PreviewImporter) -> (artifact id: '3127b49cbdd064114b96a688a0d86d84') in 0.0227697 seconds
Number of updated asset objects reloaded before import = 0Number of asset objects unloaded after import = 3

========================================================================
Received Import Request.
  Time since last request: 3.741331 seconds.
  path: Assets/UModelerX_ThemePark_URP_Editable/UModeler-Hub/Editor/Resources/Tripolygon/UModeler/Hub/Views/Controls/HubCountryBox/SC.png
  artifactKey: Guid(1eeb3953ba8d14ab487366d7a4c5adac) Importer(815301076,1909f56bfc062723c751e8b465ee728b)
Start importing Assets/UModelerX_ThemePark_URP_Editable/UModeler-Hub/Editor/Resources/Tripolygon/UModeler/Hub/Views/Controls/HubCountryBox/SC.png using Guid(1eeb3953ba8d14ab487366d7a4c5adac) Importer(815301076,1909f56bfc062723c751e8b465ee728b) (PreviewImporter) -> (artifact id: 'd4409f92e637ccabe3251f59035e0afd') in 0.0207655 seconds
Number of updated asset objects reloaded before import = 0Number of asset objects unloaded after import = 3

========================================================================
Received Import Request.
  Time since last request: 1.571396 seconds.
  path: Assets/Material/Right hand.png
  artifactKey: Guid(630704cc356fcfb419955b345adc0cb7) Importer(815301076,1909f56bfc062723c751e8b465ee728b)
Start importing Assets/Material/Right hand.png using Guid(630704cc356fcfb419955b345adc0cb7) Importer(815301076,1909f56bfc062723c751e8b465ee728b) (PreviewImporter) -> (artifact id: '0a3d02e4ce279ac7a98c34f84842c12c') in 0.0322697 seconds
Number of updated asset objects reloaded before import = 0Number of asset objects unloaded after import = 3

========================================================================
Received Import Request.
  Time since last request: 0.561121 seconds.
  path: Assets/UModelerX_ThemePark_URP_Editable/UModeler-Hub/Editor/Resources/Tripolygon/UModeler/Views/Developments/CurveSources/CurveSourceView/Reset.png
  artifactKey: Guid(f584b67edc8d7456ba222c92ffeee1c4) Importer(815301076,1909f56bfc062723c751e8b465ee728b)
Start importing Assets/UModelerX_ThemePark_URP_Editable/UModeler-Hub/Editor/Resources/Tripolygon/UModeler/Views/Developments/CurveSources/CurveSourceView/Reset.png using Guid(f584b67edc8d7456ba222c92ffeee1c4) Importer(815301076,1909f56bfc062723c751e8b465ee728b) (PreviewImporter) -> (artifact id: '8dc6b14a45e2c7e9526c9d78bbd5d77e') in 0.0217004 seconds
Number of updated asset objects reloaded before import = 0Number of asset objects unloaded after import = 3

========================================================================
Received Import Request.
  Time since last request: 0.509739 seconds.
  path: Assets/UModelerX_ThemePark_URP_Editable/UModeler-Hub/Editor/Resources/Tripolygon/UModeler/Views/Developments/CurveSources/CurveSourceView/Remove.png
  artifactKey: Guid(21e9a26c2a3b444debfe59e74821325c) Importer(815301076,1909f56bfc062723c751e8b465ee728b)
Start importing Assets/UModelerX_ThemePark_URP_Editable/UModeler-Hub/Editor/Resources/Tripolygon/UModeler/Views/Developments/CurveSources/CurveSourceView/Remove.png using Guid(21e9a26c2a3b444debfe59e74821325c) Importer(815301076,1909f56bfc062723c751e8b465ee728b) (PreviewImporter) -> (artifact id: '9fe7c00ca2325b6355abc4587dec8a37') in 0.0206034 seconds
Number of updated asset objects reloaded before import = 0Number of asset objects unloaded after import = 3

========================================================================
Received Import Request.
  Time since last request: 0.000031 seconds.
  path: Assets/UModelerX_ThemePark_URP_Editable/UModeler-Hub/Editor/Resources/Tripolygon/UModeler/Hub/Views/Hubs/NotificationView/ReddotLarge@2x.png
  artifactKey: Guid(9b7b2e93830ba41ba8c9947afd07e391) Importer(815301076,1909f56bfc062723c751e8b465ee728b)
Start importing Assets/UModelerX_ThemePark_URP_Editable/UModeler-Hub/Editor/Resources/Tripolygon/UModeler/Hub/Views/Hubs/NotificationView/ReddotLarge@2x.png using Guid(9b7b2e93830ba41ba8c9947afd07e391) Importer(815301076,1909f56bfc062723c751e8b465ee728b) (PreviewImporter) -> (artifact id: 'f09e5b90c6d5c09fcb5b5375c3bef124') in 0.0208238 seconds
Number of updated asset objects reloaded before import = 0Number of asset objects unloaded after import = 3

========================================================================
Received Import Request.
  Time since last request: 0.000020 seconds.
  path: Assets/UModelerX_ThemePark_URP_Editable/UModeler-Hub/Editor/Resources/Tripolygon/UModeler/Hub/Views/Controls/HubCountryBox/RE.png
  artifactKey: Guid(89120c0745e6b46569977a4a07272424) Importer(815301076,1909f56bfc062723c751e8b465ee728b)
Start importing Assets/UModelerX_ThemePark_URP_Editable/UModeler-Hub/Editor/Resources/Tripolygon/UModeler/Hub/Views/Controls/HubCountryBox/RE.png using Guid(89120c0745e6b46569977a4a07272424) Importer(815301076,1909f56bfc062723c751e8b465ee728b) (PreviewImporter) -> (artifact id: 'ac2448a94ad7baa001937ca49d5a46db') in 0.0199121 seconds
Number of updated asset objects reloaded before import = 0Number of asset objects unloaded after import = 3

========================================================================
Received Import Request.
  Time since last request: 0.000024 seconds.
  path: Assets/UModelerX_ThemePark_URP_Editable/UModeler-Hub/Editor/Resources/Tripolygon/UModeler/Hub/Views/Controls/HubCountryBox/QA.png
  artifactKey: Guid(3bed176816c1b47f38de9788891ffb91) Importer(815301076,1909f56bfc062723c751e8b465ee728b)
Start importing Assets/UModelerX_ThemePark_URP_Editable/UModeler-Hub/Editor/Resources/Tripolygon/UModeler/Hub/Views/Controls/HubCountryBox/QA.png using Guid(3bed176816c1b47f38de9788891ffb91) Importer(815301076,1909f56bfc062723c751e8b465ee728b) (PreviewImporter) -> (artifact id: '64cac2a3b25667e946fd72ac5955a889') in 0.0183364 seconds
Number of updated asset objects reloaded before import = 0Number of asset objects unloaded after import = 3

========================================================================
Received Import Request.
  Time since last request: 78.889298 seconds.
  path: Assets/Font/NotoSansKR-ExtraBold SDF.asset
  artifactKey: Guid(837a5fa007ec4034d937bf0ad33390b8) Importer(815301076,1909f56bfc062723c751e8b465ee728b)
Start importing Assets/Font/NotoSansKR-ExtraBold SDF.asset using Guid(837a5fa007ec4034d937bf0ad33390b8) Importer(815301076,1909f56bfc062723c751e8b465ee728b) (PreviewImporter) -> (artifact id: '914bb660597a1ab1e12b3894f1a5c925') in 0.0391259 seconds
Number of updated asset objects reloaded before import = 0Number of asset objects unloaded after import = 6

========================================================================
Received Import Request.
  Time since last request: 0.000026 seconds.
  path: Assets/Font/SFPRODISPLAYBOLD SDF.asset
  artifactKey: Guid(59be8c06154e44241abbacfb3eb2ef5f) Importer(815301076,1909f56bfc062723c751e8b465ee728b)
Start importing Assets/Font/SFPRODISPLAYBOLD SDF.asset using Guid(59be8c06154e44241abbacfb3eb2ef5f) Importer(815301076,1909f56bfc062723c751e8b465ee728b) (PreviewImporter) -> (artifact id: '21d36609164eb8e76041f3bbfe87533a') in 0.0612277 seconds
Number of updated asset objects reloaded before import = 0Number of asset objects unloaded after import = 6

========================================================================
Received Import Request.
  Time since last request: 0.000028 seconds.
  path: Assets/Font/NotoSansKR-Medium SDF.asset
  artifactKey: Guid(b0e6f24e990d3f24b8631a09dac0417b) Importer(815301076,1909f56bfc062723c751e8b465ee728b)
Start importing Assets/Font/NotoSansKR-Medium SDF.asset using Guid(b0e6f24e990d3f24b8631a09dac0417b) Importer(815301076,1909f56bfc062723c751e8b465ee728b) (PreviewImporter) -> (artifact id: 'ff77b05fba62de1327c8ee613ad9a50a') in 0.036544 seconds
Number of updated asset objects reloaded before import = 0Number of asset objects unloaded after import = 6

========================================================================
Received Import Request.
  Time since last request: 0.000022 seconds.
  path: Assets/Font/SFPRODISPLAYREGULAR SDF.asset
  artifactKey: Guid(dc4809a109e9f2240b009953f15814fc) Importer(815301076,1909f56bfc062723c751e8b465ee728b)
Start importing Assets/Font/SFPRODISPLAYREGULAR SDF.asset using Guid(dc4809a109e9f2240b009953f15814fc) Importer(815301076,1909f56bfc062723c751e8b465ee728b) (PreviewImporter) -> (artifact id: '4e3985a1b2a21866906e2c0bb1cf9645') in 0.0523402 seconds
Number of updated asset objects reloaded before import = 0Number of asset objects unloaded after import = 6

========================================================================
Received Import Request.
  Time since last request: 153.526490 seconds.
  path: Assets/TextMesh Pro/Resources/Fonts & Materials/LiberationSans SDF - Fallback.asset
  artifactKey: Guid(2e498d1c8094910479dc3e1b768306a4) Importer(815301076,1909f56bfc062723c751e8b465ee728b)
Start importing Assets/TextMesh Pro/Resources/Fonts & Materials/LiberationSans SDF - Fallback.asset using Guid(2e498d1c8094910479dc3e1b768306a4) Importer(815301076,1909f56bfc062723c751e8b465ee728b) (PreviewImporter) -> (artifact id: '3159e363a9e4ce3fda35306adc91461f') in 0.0305433 seconds
Number of updated asset objects reloaded before import = 0Number of asset objects unloaded after import = 6

========================================================================
Received Import Request.
  Time since last request: 0.000020 seconds.
  path: Assets/Font/SFPRODISPLAYBOLD SDF.asset
  artifactKey: Guid(59be8c06154e44241abbacfb3eb2ef5f) Importer(815301076,1909f56bfc062723c751e8b465ee728b)
Start importing Assets/Font/SFPRODISPLAYBOLD SDF.asset using Guid(59be8c06154e44241abbacfb3eb2ef5f) Importer(815301076,1909f56bfc062723c751e8b465ee728b) (PreviewImporter) -> (artifact id: '1b83cd074f43d42e79d4ace590dc7ee6') in 0.0650643 seconds
Number of updated asset objects reloaded before import = 0Number of asset objects unloaded after import = 6

========================================================================
Received Import Request.
  Time since last request: 0.000031 seconds.
  path: Assets/Font/NotoSansKR-Medium SDF.asset
  artifactKey: Guid(b0e6f24e990d3f24b8631a09dac0417b) Importer(815301076,1909f56bfc062723c751e8b465ee728b)
Start importing Assets/Font/NotoSansKR-Medium SDF.asset using Guid(b0e6f24e990d3f24b8631a09dac0417b) Importer(815301076,1909f56bfc062723c751e8b465ee728b) (PreviewImporter) -> (artifact id: '8082901105bace7709cf65ddc1583769') in 0.0419088 seconds
Number of updated asset objects reloaded before import = 0Number of asset objects unloaded after import = 6

========================================================================
Received Import Request.
  Time since last request: 70.755800 seconds.
  path: Assets/Font/NotoSansKR-ExtraBold SDF.asset
  artifactKey: Guid(837a5fa007ec4034d937bf0ad33390b8) Importer(815301076,1909f56bfc062723c751e8b465ee728b)
Start importing Assets/Font/NotoSansKR-ExtraBold SDF.asset using Guid(837a5fa007ec4034d937bf0ad33390b8) Importer(815301076,1909f56bfc062723c751e8b465ee728b) (PreviewImporter) -> (artifact id: '4edec224b6374cc980db5bff62af09ea') in 0.0495264 seconds
Number of updated asset objects reloaded before import = 0Number of asset objects unloaded after import = 6

========================================================================
Received Import Request.
  Time since last request: 0.000025 seconds.
  path: Assets/Font/NotoSansKR-Regular SDF.asset
  artifactKey: Guid(f1bc2faad22620a4ab4feb69febb1e6d) Importer(815301076,1909f56bfc062723c751e8b465ee728b)
Start importing Assets/Font/NotoSansKR-Regular SDF.asset using Guid(f1bc2faad22620a4ab4feb69febb1e6d) Importer(815301076,1909f56bfc062723c751e8b465ee728b) (PreviewImporter) -> (artifact id: '97a834eef0ac1716e822c2aab975f829') in 0.0441382 seconds
Number of updated asset objects reloaded before import = 0Number of asset objects unloaded after import = 6

========================================================================
Received Import Request.
  Time since last request: 16.285751 seconds.
  path: Assets/Font/NotoSansKR-ExtraBold SDF.asset
  artifactKey: Guid(837a5fa007ec4034d937bf0ad33390b8) Importer(815301076,1909f56bfc062723c751e8b465ee728b)
Start importing Assets/Font/NotoSansKR-ExtraBold SDF.asset using Guid(837a5fa007ec4034d937bf0ad33390b8) Importer(815301076,1909f56bfc062723c751e8b465ee728b) (PreviewImporter) -> (artifact id: '032587e96b1804c8f09b8757f224b665') in 0.0476777 seconds
Number of updated asset objects reloaded before import = 0Number of asset objects unloaded after import = 6

========================================================================
Received Import Request.
  Time since last request: 133.069382 seconds.
  path: Assets/VRTemplateAssets/Fonts/Inter/Inter-Regular SDF.asset
  artifactKey: Guid(f675742eaf9c20a4f909d78ee7a14fed) Importer(815301076,1909f56bfc062723c751e8b465ee728b)
Start importing Assets/VRTemplateAssets/Fonts/Inter/Inter-Regular SDF.asset using Guid(f675742eaf9c20a4f909d78ee7a14fed) Importer(815301076,1909f56bfc062723c751e8b465ee728b) (PreviewImporter) -> (artifact id: 'ca42a86d71ebff41b26ec183c42296ae') in 0.0317128 seconds
Number of updated asset objects reloaded before import = 0Number of asset objects unloaded after import = 4

========================================================================
Received Import Request.
  Time since last request: 245.312060 seconds.
  path: Assets/TextMesh Pro/Resources/Fonts & Materials/LiberationSans SDF - Fallback.asset
  artifactKey: Guid(2e498d1c8094910479dc3e1b768306a4) Importer(815301076,1909f56bfc062723c751e8b465ee728b)
Start importing Assets/TextMesh Pro/Resources/Fonts & Materials/LiberationSans SDF - Fallback.asset using Guid(2e498d1c8094910479dc3e1b768306a4) Importer(815301076,1909f56bfc062723c751e8b465ee728b) (PreviewImporter) -> (artifact id: '4e945472b3ace76eaa3fae0c01d2dd17') in 0.0241294 seconds
Number of updated asset objects reloaded before import = 0Number of asset objects unloaded after import = 6

========================================================================
Received Import Request.
  Time since last request: 0.000063 seconds.
  path: Assets/Font/NotoSansKR-Medium SDF.asset
  artifactKey: Guid(b0e6f24e990d3f24b8631a09dac0417b) Importer(815301076,1909f56bfc062723c751e8b465ee728b)
Start importing Assets/Font/NotoSansKR-Medium SDF.asset using Guid(b0e6f24e990d3f24b8631a09dac0417b) Importer(815301076,1909f56bfc062723c751e8b465ee728b) (PreviewImporter) -> (artifact id: 'f6fe48e09e7b555174c0ad3935b97f9e') in 0.0452925 seconds
Number of updated asset objects reloaded before import = 0Number of asset objects unloaded after import = 6

========================================================================
Received Import Request.
  Time since last request: 0.522336 seconds.
  path: Assets/Font/NotoSansKR-Regular SDF.asset
  artifactKey: Guid(f1bc2faad22620a4ab4feb69febb1e6d) Importer(815301076,1909f56bfc062723c751e8b465ee728b)
Start importing Assets/Font/NotoSansKR-Regular SDF.asset using Guid(f1bc2faad22620a4ab4feb69febb1e6d) Importer(815301076,1909f56bfc062723c751e8b465ee728b) (PreviewImporter) -> (artifact id: 'aea9bc5d8cc2b460647c94ea40dc0958') in 0.0438257 seconds
Number of updated asset objects reloaded before import = 0Number of asset objects unloaded after import = 6

========================================================================
Received Import Request.
  Time since last request: 74.709670 seconds.
  path: Assets/Font/NotoSansKR-ExtraBold SDF.asset
  artifactKey: Guid(837a5fa007ec4034d937bf0ad33390b8) Importer(815301076,1909f56bfc062723c751e8b465ee728b)
Start importing Assets/Font/NotoSansKR-ExtraBold SDF.asset using Guid(837a5fa007ec4034d937bf0ad33390b8) Importer(815301076,1909f56bfc062723c751e8b465ee728b) (PreviewImporter) -> (artifact id: '9b00d7776e14b886dc080ec2c2c0c10a') in 0.0493542 seconds
Number of updated asset objects reloaded before import = 0Number of asset objects unloaded after import = 6

========================================================================
Received Import Request.
  Time since last request: 19.413087 seconds.
  path: Assets/01 Scence/Spring.unity
  artifactKey: Guid(12878ebda3d0a324a82a0aec6d620e26) Importer(815301076,1909f56bfc062723c751e8b465ee728b)
Start importing Assets/01 Scence/Spring.unity using Guid(12878ebda3d0a324a82a0aec6d620e26) Importer(815301076,1909f56bfc062723c751e8b465ee728b) (PreviewImporter) -> (artifact id: '7b33871f6ad7af41934adffeb000297c') in 0.0006099 seconds
Number of updated asset objects reloaded before import = 0Number of asset objects unloaded after import = 0

========================================================================
Received Import Request.
  Time since last request: 15.651736 seconds.
  path: Assets/01 Scence/summer.unity
  artifactKey: Guid(7e70f2558dc3bbd40843024c19550b0b) Importer(815301076,1909f56bfc062723c751e8b465ee728b)
Start importing Assets/01 Scence/summer.unity using Guid(7e70f2558dc3bbd40843024c19550b0b) Importer(815301076,1909f56bfc062723c751e8b465ee728b) (PreviewImporter) -> (artifact id: '65e6b6ba1f47da0052b591b55a9a4898') in 0.0005024 seconds
Number of updated asset objects reloaded before import = 0Number of asset objects unloaded after import = 0

========================================================================
Received Import Request.
  Time since last request: 43.903866 seconds.
  path: Assets/01 Scence/Daytime sky.mat
  artifactKey: Guid(cebda5295d6646a47af2315eaebe104b) Importer(815301076,1909f56bfc062723c751e8b465ee728b)
Start importing Assets/01 Scence/Daytime sky.mat using Guid(cebda5295d6646a47af2315eaebe104b) Importer(815301076,1909f56bfc062723c751e8b465ee728b) (PreviewImporter) -> (artifact id: 'daa98773d8c3d227d9d09b4964df9486') in 1.0682567 seconds
Number of updated asset objects reloaded before import = 0Number of asset objects unloaded after import = 2

========================================================================
Received Import Request.
  Time since last request: 48.051926 seconds.
  path: Assets/TextMesh Pro/Resources/Fonts & Materials/LiberationSans SDF - Fallback.asset
  artifactKey: Guid(2e498d1c8094910479dc3e1b768306a4) Importer(815301076,1909f56bfc062723c751e8b465ee728b)
Start importing Assets/TextMesh Pro/Resources/Fonts & Materials/LiberationSans SDF - Fallback.asset using Guid(2e498d1c8094910479dc3e1b768306a4) Importer(815301076,1909f56bfc062723c751e8b465ee728b) (PreviewImporter) -> (artifact id: 'aedcaec5453137588a1fb93325a74f98') in 0.023849 seconds
Number of updated asset objects reloaded before import = 0Number of asset objects unloaded after import = 6

========================================================================
Received Import Request.
  Time since last request: 0.000043 seconds.
  path: Assets/Font/NotoSansKR-Medium SDF.asset
  artifactKey: Guid(b0e6f24e990d3f24b8631a09dac0417b) Importer(815301076,1909f56bfc062723c751e8b465ee728b)
Start importing Assets/Font/NotoSansKR-Medium SDF.asset using Guid(b0e6f24e990d3f24b8631a09dac0417b) Importer(815301076,1909f56bfc062723c751e8b465ee728b) (PreviewImporter) -> (artifact id: 'e1c3b93a4c923ff322c33cb3443d8be5') in 0.044459 seconds
Number of updated asset objects reloaded before import = 0Number of asset objects unloaded after import = 6

========================================================================
Received Import Request.
  Time since last request: 0.401084 seconds.
  path: Assets/Font/NotoSansKR-Regular SDF.asset
  artifactKey: Guid(f1bc2faad22620a4ab4feb69febb1e6d) Importer(815301076,1909f56bfc062723c751e8b465ee728b)
Start importing Assets/Font/NotoSansKR-Regular SDF.asset using Guid(f1bc2faad22620a4ab4feb69febb1e6d) Importer(815301076,1909f56bfc062723c751e8b465ee728b) (PreviewImporter) -> (artifact id: '2b415321c2bab2390e32266695f434ac') in 0.0477095 seconds
Number of updated asset objects reloaded before import = 0Number of asset objects unloaded after import = 6

========================================================================
Received Import Request.
  Time since last request: 120.211467 seconds.
  path: Assets/01 Scence/Winter.unity
  artifactKey: Guid(358d26f7b27dd9649a8ec41e1c274937) Importer(815301076,1909f56bfc062723c751e8b465ee728b)
Start importing Assets/01 Scence/Winter.unity using Guid(358d26f7b27dd9649a8ec41e1c274937) Importer(815301076,1909f56bfc062723c751e8b465ee728b) (PreviewImporter) -> (artifact id: '55590c5630569e47c3980699c619bfd5') in 0.0007119 seconds
Number of updated asset objects reloaded before import = 0Number of asset objects unloaded after import = 0

========================================================================
Received Import Request.
  Time since last request: 12.074164 seconds.
  path: Assets/01 Scence/summer.unity
  artifactKey: Guid(7e70f2558dc3bbd40843024c19550b0b) Importer(815301076,1909f56bfc062723c751e8b465ee728b)
Start importing Assets/01 Scence/summer.unity using Guid(7e70f2558dc3bbd40843024c19550b0b) Importer(815301076,1909f56bfc062723c751e8b465ee728b) (PreviewImporter) -> (artifact id: '67e1c89d462bf65c819538dce010c5d5') in 0.0004906 seconds
Number of updated asset objects reloaded before import = 0Number of asset objects unloaded after import = 0

========================================================================
Received Import Request.
  Time since last request: 1195.274803 seconds.
  path: Assets/01 Scence/Fall.unity
  artifactKey: Guid(4bad05916ca5632468560858a134036f) Importer(815301076,1909f56bfc062723c751e8b465ee728b)
Start importing Assets/01 Scence/Fall.unity using Guid(4bad05916ca5632468560858a134036f) Importer(815301076,1909f56bfc062723c751e8b465ee728b) (PreviewImporter) -> (artifact id: '306977d214905e9f61f1ff3e0f4f562d') in 0.0008956 seconds
Number of updated asset objects reloaded before import = 0Number of asset objects unloaded after import = 0

========================================================================
Received Import Request.
  Time since last request: 114.147370 seconds.
  path: Assets/Font/NotoSansKR-ExtraBold SDF.asset
  artifactKey: Guid(837a5fa007ec4034d937bf0ad33390b8) Importer(815301076,1909f56bfc062723c751e8b465ee728b)
Start importing Assets/Font/NotoSansKR-ExtraBold SDF.asset using Guid(837a5fa007ec4034d937bf0ad33390b8) Importer(815301076,1909f56bfc062723c751e8b465ee728b) (PreviewImporter) -> (artifact id: '3f6f827f984407d4aea0d0b9f48e16cd') in 0.0607747 seconds
Number of updated asset objects reloaded before import = 0Number of asset objects unloaded after import = 6

========================================================================
Received Import Request.
  Time since last request: 0.000118 seconds.
  path: Assets/Font/NotoSansKR-Regular SDF.asset
  artifactKey: Guid(f1bc2faad22620a4ab4feb69febb1e6d) Importer(815301076,1909f56bfc062723c751e8b465ee728b)
Start importing Assets/Font/NotoSansKR-Regular SDF.asset using Guid(f1bc2faad22620a4ab4feb69febb1e6d) Importer(815301076,1909f56bfc062723c751e8b465ee728b) (PreviewImporter) -> (artifact id: '960afbcadbe9dff7d235b91d0d893c1f') in 0.0450991 seconds
Number of updated asset objects reloaded before import = 0Number of asset objects unloaded after import = 6

========================================================================
Received Import Request.
  Time since last request: 3.979733 seconds.
  path: Assets/TextMesh Pro/Resources/Fonts & Materials/LiberationSans SDF - Fallback.asset
  artifactKey: Guid(2e498d1c8094910479dc3e1b768306a4) Importer(815301076,1909f56bfc062723c751e8b465ee728b)
Start importing Assets/TextMesh Pro/Resources/Fonts & Materials/LiberationSans SDF - Fallback.asset using Guid(2e498d1c8094910479dc3e1b768306a4) Importer(815301076,1909f56bfc062723c751e8b465ee728b) (PreviewImporter) -> (artifact id: '72a969f0a54108de76f71620aea44137') in 0.0196137 seconds
Number of updated asset objects reloaded before import = 0Number of asset objects unloaded after import = 6

========================================================================
Received Import Request.
  Time since last request: 9.237487 seconds.
  path: Assets/01 Scence/Winter.unity
  artifactKey: Guid(358d26f7b27dd9649a8ec41e1c274937) Importer(815301076,1909f56bfc062723c751e8b465ee728b)
Start importing Assets/01 Scence/Winter.unity using Guid(358d26f7b27dd9649a8ec41e1c274937) Importer(815301076,1909f56bfc062723c751e8b465ee728b) (PreviewImporter) -> (artifact id: '75c920d11b4e89d4208fdf5f6bf7216a') in 0.0007968 seconds
Number of updated asset objects reloaded before import = 0Number of asset objects unloaded after import = 0

========================================================================
Received Import Request.
  Time since last request: 12.099664 seconds.
  path: Assets/01 Scence/Fall.unity
  artifactKey: Guid(4bad05916ca5632468560858a134036f) Importer(815301076,1909f56bfc062723c751e8b465ee728b)
Start importing Assets/01 Scence/Fall.unity using Guid(4bad05916ca5632468560858a134036f) Importer(815301076,1909f56bfc062723c751e8b465ee728b) (PreviewImporter) -> (artifact id: '4185422ff3ec2389cd35c0bd42879416') in 0.0005376 seconds
Number of updated asset objects reloaded before import = 0Number of asset objects unloaded after import = 0

========================================================================
Received Import Request.
  Time since last request: 81.089454 seconds.
  path: Assets/01 Scence/summer.unity
  artifactKey: Guid(7e70f2558dc3bbd40843024c19550b0b) Importer(815301076,1909f56bfc062723c751e8b465ee728b)
Start importing Assets/01 Scence/summer.unity using Guid(7e70f2558dc3bbd40843024c19550b0b) Importer(815301076,1909f56bfc062723c751e8b465ee728b) (PreviewImporter) -> (artifact id: 'b69c837228d999775515ac3dd76d8243') in 0.0005085 seconds
Number of updated asset objects reloaded before import = 0Number of asset objects unloaded after import = 0

========================================================================
Received Import Request.
  Time since last request: 64.656941 seconds.
  path: Assets/01 Scence/Winter.unity
  artifactKey: Guid(358d26f7b27dd9649a8ec41e1c274937) Importer(815301076,1909f56bfc062723c751e8b465ee728b)
Start importing Assets/01 Scence/Winter.unity using Guid(358d26f7b27dd9649a8ec41e1c274937) Importer(815301076,1909f56bfc062723c751e8b465ee728b) (PreviewImporter) -> (artifact id: '785a37b52c65b2acfe6f3e19ef2b7973') in 0.0006888 seconds
Number of updated asset objects reloaded before import = 0Number of asset objects unloaded after import = 0

========================================================================
Received Import Request.
  Time since last request: 6.208099 seconds.
  path: Assets/01 Scence/summer.unity
  artifactKey: Guid(7e70f2558dc3bbd40843024c19550b0b) Importer(815301076,1909f56bfc062723c751e8b465ee728b)
Start importing Assets/01 Scence/summer.unity using Guid(7e70f2558dc3bbd40843024c19550b0b) Importer(815301076,1909f56bfc062723c751e8b465ee728b) (PreviewImporter) -> (artifact id: '39489266adbfae691e99b5a7821e958d') in 0.0005132 seconds
Number of updated asset objects reloaded before import = 0Number of asset objects unloaded after import = 0

========================================================================
Received Import Request.
  Time since last request: 25.926565 seconds.
  path: Assets/01 Scence/summer.unity
  artifactKey: Guid(7e70f2558dc3bbd40843024c19550b0b) Importer(815301076,1909f56bfc062723c751e8b465ee728b)
Start importing Assets/01 Scence/summer.unity using Guid(7e70f2558dc3bbd40843024c19550b0b) Importer(815301076,1909f56bfc062723c751e8b465ee728b) (PreviewImporter) -> (artifact id: 'bd49f4d50a9259f9db3fdeb6934b851e') in 0.0006031 seconds
Number of updated asset objects reloaded before import = 0Number of asset objects unloaded after import = 0

========================================================================
Received Import Request.
  Time since last request: 3.473824 seconds.
  path: Assets/01 Scence/Fall.unity
  artifactKey: Guid(4bad05916ca5632468560858a134036f) Importer(815301076,1909f56bfc062723c751e8b465ee728b)
Start importing Assets/01 Scence/Fall.unity using Guid(4bad05916ca5632468560858a134036f) Importer(815301076,1909f56bfc062723c751e8b465ee728b) (PreviewImporter) -> (artifact id: '8b7eb575a92dbba2df3aa73d134688c6') in 0.0005968 seconds
Number of updated asset objects reloaded before import = 0Number of asset objects unloaded after import = 0

