Using pre-set license
Built from '6000.0/release' branch; Version is '6000.0.29f1 (9fafe5c9db65) revision 10465253'; Using compiler version '193933523'; Build Type 'Release'
OS: 'Windows 10  (10.0.19045) 64bit Core' Language: 'ko' Physical Memory: 16314 MB
BatchMode: 1, IsHumanControllingUs: 0, StartBugReporterOnCrash: 0, Is64bit: 1, IsPro: 1

COMMAND LINE ARGUMENTS:
C:\Program Files\Unity\Hub\Editor\6000.0.29f1\Editor\Unity.exe
-adb2
-batchMode
-noUpm
-name
AssetImportWorker1
-projectPath
C:/Users/Ellen/Desktop/Project/25_Dorememe/Dorememe4
-logFile
Logs/AssetImportWorker1.log
-srvPort
54180
-job-worker-count
3
-background-job-worker-count
8
-asset-garbage-collectors
1
Successfully changed project path to: C:/Users/Ellen/Desktop/Project/25_Dorememe/Dorememe4
C:/Users/Ellen/Desktop/Project/25_Dorememe/Dorememe4
[UnityMemory] Configuration Parameters - Can be set up in boot.config
    "memorysetup-bucket-allocator-granularity=16"
    "memorysetup-bucket-allocator-bucket-count=8"
    "memorysetup-bucket-allocator-block-size=33554432"
    "memorysetup-bucket-allocator-block-count=8"
    "memorysetup-main-allocator-block-size=16777216"
    "memorysetup-thread-allocator-block-size=16777216"
    "memorysetup-gfx-main-allocator-block-size=16777216"
    "memorysetup-gfx-thread-allocator-block-size=16777216"
    "memorysetup-cache-allocator-block-size=4194304"
    "memorysetup-typetree-allocator-block-size=2097152"
    "memorysetup-profiler-bucket-allocator-granularity=16"
    "memorysetup-profiler-bucket-allocator-bucket-count=8"
    "memorysetup-profiler-bucket-allocator-block-size=33554432"
    "memorysetup-profiler-bucket-allocator-block-count=8"
    "memorysetup-profiler-allocator-block-size=16777216"
    "memorysetup-profiler-editor-allocator-block-size=1048576"
    "memorysetup-temp-allocator-size-main=16777216"
    "memorysetup-job-temp-allocator-block-size=2097152"
    "memorysetup-job-temp-allocator-block-size-background=1048576"
    "memorysetup-job-temp-allocator-reduction-small-platforms=262144"
    "memorysetup-allocator-temp-initial-block-size-main=262144"
    "memorysetup-allocator-temp-initial-block-size-worker=262144"
    "memorysetup-temp-allocator-size-background-worker=32768"
    "memorysetup-temp-allocator-size-job-worker=262144"
    "memorysetup-temp-allocator-size-preload-manager=33554432"
    "memorysetup-temp-allocator-size-nav-mesh-worker=65536"
    "memorysetup-temp-allocator-size-audio-worker=65536"
    "memorysetup-temp-allocator-size-cloud-worker=32768"
    "memorysetup-temp-allocator-size-gi-baking-worker=262144"
    "memorysetup-temp-allocator-size-gi-baking-worker=262144"
    "memorysetup-temp-allocator-size-gi-baking-worker=262144"
    "memorysetup-temp-allocator-size-gi-baking-worker=262144"
    "memorysetup-temp-allocator-size-gi-baking-worker=262144"
    "memorysetup-temp-allocator-size-gfx=262144"
Player connection [15220]  Target information:

Player connection [15220]  * "[IP] 192.168.55.15 [Port] 0 [Flags] 2 [Guid] 568723018 [EditorId] 568723018 [Version] 1048832 [Id] WindowsEditor(7,DESKTOP-6IHTGVK) [Debug] 1 [PackageName] WindowsEditor [ProjectName] Editor" 

Player connection [15220] Host joined multi-casting on [225.0.0.222:54997]...
Player connection [15220] Host joined alternative multi-casting on [225.0.0.222:34997]...
JobSystem: Creating JobQueue using job-worker-count value 3
[Physics::Module] Initialized fallback backend.
[Physics::Module] Id: 0xdecafbad
Library Redirect Path: Library/
[Physics::Module] Selected backend.
[Physics::Module] Name: PhysX
[Physics::Module] Id: 0xf2b8ea05
[Physics::Module] SDK Version: 4.1.2
[Physics::Module] Integration Version: 1.0.0
[Physics::Module] Threading Mode: Multi-Threaded
Refreshing native plugins compatible for Editor in 26.61 ms, found 18 plugins.
Unity memory allocator detected: MetaXRAudio native memory allocations will be tracked.
Preloading 2 native plugins for Editor in 2.17 ms.
Initialize engine version: 6000.0.29f1 (9fafe5c9db65)
[Subsystems] Discovering subsystems at path C:/Program Files/Unity/Hub/Editor/6000.0.29f1/Editor/Data/Resources/UnitySubsystems
[Subsystems] Discovering subsystems at path C:/Users/Ellen/Desktop/Project/25_Dorememe/Dorememe4/Assets
[Subsystems] No descriptors matched for  examples in Assets/MeshingFeaturePlugin/UnitySubsystemsManifest.json.
[Subsystems] No descriptors matched for  inputs in Assets/MeshingFeaturePlugin/UnitySubsystemsManifest.json.
[Subsystems] No descriptors matched for  displays in Assets/MeshingFeaturePlugin/UnitySubsystemsManifest.json.
[Subsystems] 1 'meshings' descriptors matched in Assets/MeshingFeaturePlugin/UnitySubsystemsManifest.json
GfxDevice: creating device client; kGfxThreadingModeNonThreaded
Direct3D:
    Version:  Direct3D 11.0 [level 11.1]
    Renderer: NVIDIA GeForce RTX 2060 (ID=0x1e89)
    Vendor:   NVIDIA
    VRAM:     5945 MB
    Driver:   32.0.15.8157
Shader 'Meta/MRUK/Scene/HighlightsAndShadows': fallback shader 'Off' not found
Shader 'Oculus/OVRMRCameraFrameLit': fallback shader 'Alpha-Diffuse' not found
Initialize mono
Mono path[0] = 'C:/Program Files/Unity/Hub/Editor/6000.0.29f1/Editor/Data/Managed'
Mono path[1] = 'C:/Program Files/Unity/Hub/Editor/6000.0.29f1/Editor/Data/MonoBleedingEdge/lib/mono/unityjit-win32'
Mono config path = 'C:/Program Files/Unity/Hub/Editor/6000.0.29f1/Editor/Data/MonoBleedingEdge/etc'
Using monoOptions --debugger-agent=transport=dt_socket,embedding=1,server=y,suspend=n,address=127.0.0.1:56204
Begin MonoManager ReloadAssembly
Registering precompiled unity dll's ...
Register platform support module: C:/Program Files/Unity/Hub/Editor/6000.0.29f1/Editor/Data/PlaybackEngines/WindowsStandaloneSupport/UnityEditor.WindowsStandalone.Extensions.dll
Register platform support module: C:/Program Files/Unity/Hub/Editor/6000.0.29f1/Editor/Data/PlaybackEngines/AndroidPlayer/UnityEditor.Android.Extensions.dll
Registered in 0.003807 seconds.
- Loaded All Assemblies, in  0.430 seconds
Native extension for Android target not found
Android Extension - Scanning For ADB Devices 235 ms
Native extension for WindowsStandalone target not found
Mono: successfully reloaded assembly
- Finished resetting the current domain, in  0.628 seconds
Domain Reload Profiling: 1056ms
	BeginReloadAssembly (135ms)
		ExecutionOrderSort (0ms)
		DisableScriptedObjects (0ms)
		BackupInstance (0ms)
		ReleaseScriptingObjects (0ms)
		CreateAndSetChildDomain (1ms)
	RebuildCommonClasses (38ms)
	RebuildNativeTypeToScriptingClass (14ms)
	initialDomainReloadingComplete (52ms)
	LoadAllAssembliesAndSetupDomain (188ms)
		LoadAssemblies (133ms)
		RebuildTransferFunctionScriptingTraits (0ms)
		AnalyzeDomain (185ms)
			TypeCache.Refresh (184ms)
				TypeCache.ScanAssembly (169ms)
			BuildScriptInfoCaches (0ms)
			ResolveRequiredComponents (0ms)
	FinalizeReload (628ms)
		ReleaseScriptCaches (0ms)
		RebuildScriptCaches (0ms)
		SetupLoadedEditorAssemblies (565ms)
			LogAssemblyErrors (0ms)
			InitializePlatformSupportModulesInManaged (324ms)
			SetLoadedEditorAssemblies (4ms)
			BeforeProcessingInitializeOnLoad (6ms)
			ProcessInitializeOnLoadAttributes (155ms)
			ProcessInitializeOnLoadMethodAttributes (71ms)
			AfterProcessingInitializeOnLoad (4ms)
			EditorAssembliesLoaded (0ms)
		ExecutionOrderSort2 (0ms)
		AwakeInstancesAfterBackupRestoration (0ms)
========================================================================
Worker process is ready to serve import requests
Import Worker Mode flag is 0x00
Begin MonoManager ReloadAssembly
Symbol file LoadedFromMemory is not a mono symbol file
- Loaded All Assemblies, in  1.073 seconds
Script 'CharacterController' has the same name as built-in Unity component.
AddComponent and GetComponent will not work with this script.
'Packages/com.meta.xr.sdk.core/Editor/BuildingBlocks/BlocksWindow.cs' contains partial class of Unity.Object, exactly 1 of the partial classes needs to be in a file with the same filename. This is to know the one that can be referenced from ie. GameObjects
'Packages/com.meta.xr.sdk.core/Editor/BuildingBlocks/BlocksWindowDetailsExtension.cs' contains partial class of Unity.Object, exactly 1 of the partial classes needs to be in a file with the same filename. This is to know the one that can be referenced from ie. GameObjects
'Packages/com.meta.xr.sdk.core/Editor/BuildingBlocks/BlocksWindowCollectionsPageExtension.cs' contains partial class of Unity.Object, exactly 1 of the partial classes needs to be in a file with the same filename. This is to know the one that can be referenced from ie. GameObjects
Refreshing native plugins compatible for Editor in 19.15 ms, found 18 plugins.
Native extension for Android target not found
Native extension for WindowsStandalone target not found
Refreshing native plugins compatible for Editor in 16.55 ms, found 18 plugins.
Package Manager log level set to [2]
[Package Manager] Failed to launch server process. Reason: Unity was launched with the -noUpm command-line argument
[Package Manager] Unable to send message (not connected to server process).
[Package Manager] Cannot connect to Unity Package Manager local server
[Package Manager] Failed to launch server process. Reason: Unity was launched with the -noUpm command-line argument
[Package Manager] Unable to send message (not connected to server process).
[Package Manager] Cannot connect to Unity Package Manager local server
Mono: successfully reloaded assembly
[Package Manager] Failed to launch server process. Reason: Unity was launched with the -noUpm command-line argument
[Package Manager] Unable to send message (not connected to server process).
[Package Manager] Cannot connect to Unity Package Manager local server
[Package Manager] Failed to launch server process. Reason: Unity was launched with the -noUpm command-line argument
[Package Manager] Unable to send message (not connected to server process).
[Package Manager] Cannot connect to Unity Package Manager local server
- Finished resetting the current domain, in  3.919 seconds
Domain Reload Profiling: 4982ms
	BeginReloadAssembly (173ms)
		ExecutionOrderSort (0ms)
		DisableScriptedObjects (6ms)
		BackupInstance (0ms)
		ReleaseScriptingObjects (0ms)
		CreateAndSetChildDomain (29ms)
	RebuildCommonClasses (37ms)
	RebuildNativeTypeToScriptingClass (13ms)
	initialDomainReloadingComplete (40ms)
	LoadAllAssembliesAndSetupDomain (799ms)
		LoadAssemblies (453ms)
		RebuildTransferFunctionScriptingTraits (0ms)
		AnalyzeDomain (453ms)
			TypeCache.Refresh (292ms)
				TypeCache.ScanAssembly (264ms)
			BuildScriptInfoCaches (131ms)
			ResolveRequiredComponents (27ms)
	FinalizeReload (3920ms)
		ReleaseScriptCaches (0ms)
		RebuildScriptCaches (0ms)
		SetupLoadedEditorAssemblies (2357ms)
			LogAssemblyErrors (0ms)
			InitializePlatformSupportModulesInManaged (14ms)
			SetLoadedEditorAssemblies (7ms)
			BeforeProcessingInitializeOnLoad (227ms)
			ProcessInitializeOnLoadAttributes (1880ms)
			ProcessInitializeOnLoadMethodAttributes (219ms)
			AfterProcessingInitializeOnLoad (8ms)
			EditorAssembliesLoaded (1ms)
		ExecutionOrderSort2 (0ms)
		AwakeInstancesAfterBackupRestoration (6ms)
Shader 'Meta/MRUK/Scene/HighlightsAndShadows': fallback shader 'Off' not found
Shader 'Oculus/OVRMRCameraFrameLit': fallback shader 'Alpha-Diffuse' not found
Launched and connected shader compiler UnityShaderCompiler.exe after 0.01 seconds
Refreshing native plugins compatible for Editor in 16.11 ms, found 18 plugins.
Preloading 2 native plugins for Editor in 0.09 ms.
Unloading 462 Unused Serialized files (Serialized files now loaded: 0)
Unloading 9221 unused Assets / (10.8 MB). Loaded Objects now: 10109.
Memory consumption went from 257.8 MB to 247.0 MB.
Total: 29.567400 ms (FindLiveObjects: 1.626700 ms CreateObjectMapping: 2.027200 ms MarkObjects: 20.515200 ms  DeleteObjects: 5.396900 ms)

========================================================================
Received Import Request.
  Time since last request: 790584.134238 seconds.
  path: Assets/01 Scence/Skybox.mat
  artifactKey: Guid(a8bab8a16cf571745b753a507dd16556) Importer(815301076,1909f56bfc062723c751e8b465ee728b)
Start importing Assets/01 Scence/Skybox.mat using Guid(a8bab8a16cf571745b753a507dd16556) Importer(815301076,1909f56bfc062723c751e8b465ee728b) (PreviewImporter) -> (artifact id: 'cf94e92666fd7df65a50aeff2c5089d6') in 0.579604 seconds
Number of updated asset objects reloaded before import = 0Number of asset objects unloaded after import = 1

========================================================================
Received Prepare
Begin MonoManager ReloadAssembly
NullReferenceException: Object reference not set to an instance of an object
  at Tripolygon.UModeler.Hub.HubAnalytics.OnRelease (System.Boolean isReloading) [0x00019] in <796d15bd8fc549d4a7d2e0ec26344f93>:0 
  at Tripolygon.UModeler.Analytics.AnalyticsBase.Release (System.Boolean isReloading) [0x00000] in <796d15bd8fc549d4a7d2e0ec26344f93>:0 
  at Tripolygon.UModeler.Hub.HubAnalyticsService.OnRelease (System.Boolean isReloading) [0x00000] in <796d15bd8fc549d4a7d2e0ec26344f93>:0 
  at Tripolygon.UModeler.UI.ApplicationServiceBase.Application_Released (System.Object sender, Tripolygon.UModeler.UI.ApplicationReleasedEventArgs e) [0x00007] in <db0f9bfc5ab342038dd25261e46cfd15>:0 
  at (wrapper delegate-invoke) System.EventHandler`1[Tripolygon.UModeler.UI.ApplicationReleasedEventArgs].invoke_void_object_TEventArgs(object,Tripolygon.UModeler.UI.ApplicationReleasedEventArgs)
  at Tripolygon.UModeler.UI.Application.Release (System.Boolean isReloading) [0x0005f] in <db0f9bfc5ab342038dd25261e46cfd15>:0 
  at Tripolygon.UModeler.Editor.UI.UnityEditorApplication+<>c.<.cctor>b__6_1 () [0x00029] in <796d15bd8fc549d4a7d2e0ec26344f93>:0 
  at UnityEditor.AssemblyReloadEvents.OnBeforeAssemblyReload () [0x00017] in <20f98a04ac634cc8bf5f95425bb19bb9>:0 

Symbol file LoadedFromMemory is not a mono symbol file
- Loaded All Assemblies, in  2.880 seconds
Script 'CharacterController' has the same name as built-in Unity component.
AddComponent and GetComponent will not work with this script.
'Packages/com.meta.xr.sdk.core/Editor/BuildingBlocks/BlocksWindow.cs' contains partial class of Unity.Object, exactly 1 of the partial classes needs to be in a file with the same filename. This is to know the one that can be referenced from ie. GameObjects
'Packages/com.meta.xr.sdk.core/Editor/BuildingBlocks/BlocksWindowDetailsExtension.cs' contains partial class of Unity.Object, exactly 1 of the partial classes needs to be in a file with the same filename. This is to know the one that can be referenced from ie. GameObjects
'Packages/com.meta.xr.sdk.core/Editor/BuildingBlocks/BlocksWindowCollectionsPageExtension.cs' contains partial class of Unity.Object, exactly 1 of the partial classes needs to be in a file with the same filename. This is to know the one that can be referenced from ie. GameObjects
Refreshing native plugins compatible for Editor in 20.15 ms, found 18 plugins.
Native extension for Android target not found
Native extension for WindowsStandalone target not found
Refreshing native plugins compatible for Editor in 16.79 ms, found 18 plugins.
[Package Manager] Failed to launch server process. Reason: Unity was launched with the -noUpm command-line argument
[Package Manager] Unable to send message (not connected to server process).
[Package Manager] Cannot connect to Unity Package Manager local server
[Package Manager] Failed to launch server process. Reason: Unity was launched with the -noUpm command-line argument
[Package Manager] Unable to send message (not connected to server process).
[Package Manager] Cannot connect to Unity Package Manager local server
Mono: successfully reloaded assembly
[Package Manager] Failed to launch server process. Reason: Unity was launched with the -noUpm command-line argument
[Package Manager] Unable to send message (not connected to server process).
[Package Manager] Cannot connect to Unity Package Manager local server
- Finished resetting the current domain, in  3.042 seconds
Domain Reload Profiling: 5916ms
	BeginReloadAssembly (723ms)
		ExecutionOrderSort (0ms)
		DisableScriptedObjects (23ms)
		BackupInstance (0ms)
		ReleaseScriptingObjects (0ms)
		CreateAndSetChildDomain (108ms)
	RebuildCommonClasses (42ms)
	RebuildNativeTypeToScriptingClass (17ms)
	initialDomainReloadingComplete (32ms)
	LoadAllAssembliesAndSetupDomain (2059ms)
		LoadAssemblies (2068ms)
		RebuildTransferFunctionScriptingTraits (0ms)
		AnalyzeDomain (373ms)
			TypeCache.Refresh (9ms)
				TypeCache.ScanAssembly (0ms)
			BuildScriptInfoCaches (331ms)
			ResolveRequiredComponents (29ms)
	FinalizeReload (3042ms)
		ReleaseScriptCaches (0ms)
		RebuildScriptCaches (0ms)
		SetupLoadedEditorAssemblies (2136ms)
			LogAssemblyErrors (0ms)
			InitializePlatformSupportModulesInManaged (15ms)
			SetLoadedEditorAssemblies (8ms)
			BeforeProcessingInitializeOnLoad (193ms)
			ProcessInitializeOnLoadAttributes (1713ms)
			ProcessInitializeOnLoadMethodAttributes (198ms)
			AfterProcessingInitializeOnLoad (9ms)
			EditorAssembliesLoaded (1ms)
		ExecutionOrderSort2 (0ms)
		AwakeInstancesAfterBackupRestoration (16ms)
Shader 'Oculus/OVRMRCameraFrameLit': fallback shader 'Alpha-Diffuse' not found
Shader 'Meta/MRUK/Scene/HighlightsAndShadows': fallback shader 'Off' not found
Refreshing native plugins compatible for Editor in 20.44 ms, found 18 plugins.
Preloading 2 native plugins for Editor in 0.08 ms.
Unloading 92 Unused Serialized files (Serialized files now loaded: 0)
Unloading 9221 unused Assets / (11.6 MB). Loaded Objects now: 10190.
Memory consumption went from 327.7 MB to 316.1 MB.
Total: 39.240100 ms (FindLiveObjects: 1.133000 ms CreateObjectMapping: 2.686800 ms MarkObjects: 26.709400 ms  DeleteObjects: 8.709600 ms)

Prepare: number of updated asset objects reloaded= 0
========================================================================
Received Prepare
Begin MonoManager ReloadAssembly
NullReferenceException: Object reference not set to an instance of an object
  at Tripolygon.UModeler.Hub.HubAnalytics.OnRelease (System.Boolean isReloading) [0x00019] in <796d15bd8fc549d4a7d2e0ec26344f93>:0 
  at Tripolygon.UModeler.Analytics.AnalyticsBase.Release (System.Boolean isReloading) [0x00000] in <796d15bd8fc549d4a7d2e0ec26344f93>:0 
  at Tripolygon.UModeler.Hub.HubAnalyticsService.OnRelease (System.Boolean isReloading) [0x00000] in <796d15bd8fc549d4a7d2e0ec26344f93>:0 
  at Tripolygon.UModeler.UI.ApplicationServiceBase.Application_Released (System.Object sender, Tripolygon.UModeler.UI.ApplicationReleasedEventArgs e) [0x00007] in <db0f9bfc5ab342038dd25261e46cfd15>:0 
  at (wrapper delegate-invoke) System.EventHandler`1[Tripolygon.UModeler.UI.ApplicationReleasedEventArgs].invoke_void_object_TEventArgs(object,Tripolygon.UModeler.UI.ApplicationReleasedEventArgs)
  at Tripolygon.UModeler.UI.Application.Release (System.Boolean isReloading) [0x0005f] in <db0f9bfc5ab342038dd25261e46cfd15>:0 
  at Tripolygon.UModeler.Editor.UI.UnityEditorApplication+<>c.<.cctor>b__6_1 () [0x00029] in <796d15bd8fc549d4a7d2e0ec26344f93>:0 
  at UnityEditor.AssemblyReloadEvents.OnBeforeAssemblyReload () [0x00017] in <20f98a04ac634cc8bf5f95425bb19bb9>:0 

Symbol file LoadedFromMemory is not a mono symbol file
- Loaded All Assemblies, in  1.192 seconds
Script 'CharacterController' has the same name as built-in Unity component.
AddComponent and GetComponent will not work with this script.
'Packages/com.meta.xr.sdk.core/Editor/BuildingBlocks/BlocksWindow.cs' contains partial class of Unity.Object, exactly 1 of the partial classes needs to be in a file with the same filename. This is to know the one that can be referenced from ie. GameObjects
'Packages/com.meta.xr.sdk.core/Editor/BuildingBlocks/BlocksWindowDetailsExtension.cs' contains partial class of Unity.Object, exactly 1 of the partial classes needs to be in a file with the same filename. This is to know the one that can be referenced from ie. GameObjects
'Packages/com.meta.xr.sdk.core/Editor/BuildingBlocks/BlocksWindowCollectionsPageExtension.cs' contains partial class of Unity.Object, exactly 1 of the partial classes needs to be in a file with the same filename. This is to know the one that can be referenced from ie. GameObjects
Refreshing native plugins compatible for Editor in 16.95 ms, found 18 plugins.
Native extension for Android target not found
Native extension for WindowsStandalone target not found
Refreshing native plugins compatible for Editor in 16.81 ms, found 18 plugins.
[Package Manager] Failed to launch server process. Reason: Unity was launched with the -noUpm command-line argument
[Package Manager] Unable to send message (not connected to server process).
[Package Manager] Cannot connect to Unity Package Manager local server
[Package Manager] Failed to launch server process. Reason: Unity was launched with the -noUpm command-line argument
[Package Manager] Unable to send message (not connected to server process).
[Package Manager] Cannot connect to Unity Package Manager local server
Mono: successfully reloaded assembly
[Package Manager] Failed to launch server process. Reason: Unity was launched with the -noUpm command-line argument
[Package Manager] Unable to send message (not connected to server process).
[Package Manager] Cannot connect to Unity Package Manager local server
- Finished resetting the current domain, in  2.833 seconds
Domain Reload Profiling: 4022ms
	BeginReloadAssembly (391ms)
		ExecutionOrderSort (0ms)
		DisableScriptedObjects (7ms)
		BackupInstance (0ms)
		ReleaseScriptingObjects (0ms)
		CreateAndSetChildDomain (84ms)
	RebuildCommonClasses (45ms)
	RebuildNativeTypeToScriptingClass (20ms)
	initialDomainReloadingComplete (30ms)
	LoadAllAssembliesAndSetupDomain (702ms)
		LoadAssemblies (467ms)
		RebuildTransferFunctionScriptingTraits (0ms)
		AnalyzeDomain (336ms)
			TypeCache.Refresh (11ms)
				TypeCache.ScanAssembly (0ms)
			BuildScriptInfoCaches (292ms)
			ResolveRequiredComponents (29ms)
	FinalizeReload (2834ms)
		ReleaseScriptCaches (0ms)
		RebuildScriptCaches (0ms)
		SetupLoadedEditorAssemblies (1987ms)
			LogAssemblyErrors (0ms)
			InitializePlatformSupportModulesInManaged (15ms)
			SetLoadedEditorAssemblies (9ms)
			BeforeProcessingInitializeOnLoad (166ms)
			ProcessInitializeOnLoadAttributes (1608ms)
			ProcessInitializeOnLoadMethodAttributes (182ms)
			AfterProcessingInitializeOnLoad (8ms)
			EditorAssembliesLoaded (1ms)
		ExecutionOrderSort2 (0ms)
		AwakeInstancesAfterBackupRestoration (14ms)
Shader 'Oculus/OVRMRCameraFrameLit': fallback shader 'Alpha-Diffuse' not found
Shader 'Meta/MRUK/Scene/HighlightsAndShadows': fallback shader 'Off' not found
Refreshing native plugins compatible for Editor in 15.72 ms, found 18 plugins.
Preloading 2 native plugins for Editor in 0.08 ms.
Unloading 83 Unused Serialized files (Serialized files now loaded: 0)
Unloading 9221 unused Assets / (11.5 MB). Loaded Objects now: 10193.
Memory consumption went from 326.0 MB to 314.5 MB.
Total: 29.055300 ms (FindLiveObjects: 1.243600 ms CreateObjectMapping: 1.629700 ms MarkObjects: 20.088900 ms  DeleteObjects: 6.091700 ms)

Prepare: number of updated asset objects reloaded= 0
========================================================================
Received Prepare
Begin MonoManager ReloadAssembly
NullReferenceException: Object reference not set to an instance of an object
  at Tripolygon.UModeler.Hub.HubAnalytics.OnRelease (System.Boolean isReloading) [0x00019] in <796d15bd8fc549d4a7d2e0ec26344f93>:0 
  at Tripolygon.UModeler.Analytics.AnalyticsBase.Release (System.Boolean isReloading) [0x00000] in <796d15bd8fc549d4a7d2e0ec26344f93>:0 
  at Tripolygon.UModeler.Hub.HubAnalyticsService.OnRelease (System.Boolean isReloading) [0x00000] in <796d15bd8fc549d4a7d2e0ec26344f93>:0 
  at Tripolygon.UModeler.UI.ApplicationServiceBase.Application_Released (System.Object sender, Tripolygon.UModeler.UI.ApplicationReleasedEventArgs e) [0x00007] in <db0f9bfc5ab342038dd25261e46cfd15>:0 
  at (wrapper delegate-invoke) System.EventHandler`1[Tripolygon.UModeler.UI.ApplicationReleasedEventArgs].invoke_void_object_TEventArgs(object,Tripolygon.UModeler.UI.ApplicationReleasedEventArgs)
  at Tripolygon.UModeler.UI.Application.Release (System.Boolean isReloading) [0x0005f] in <db0f9bfc5ab342038dd25261e46cfd15>:0 
  at Tripolygon.UModeler.Editor.UI.UnityEditorApplication+<>c.<.cctor>b__6_1 () [0x00029] in <796d15bd8fc549d4a7d2e0ec26344f93>:0 
  at UnityEditor.AssemblyReloadEvents.OnBeforeAssemblyReload () [0x00017] in <20f98a04ac634cc8bf5f95425bb19bb9>:0 

Symbol file LoadedFromMemory is not a mono symbol file
- Loaded All Assemblies, in  1.302 seconds
Script 'CharacterController' has the same name as built-in Unity component.
AddComponent and GetComponent will not work with this script.
'Packages/com.meta.xr.sdk.core/Editor/BuildingBlocks/BlocksWindow.cs' contains partial class of Unity.Object, exactly 1 of the partial classes needs to be in a file with the same filename. This is to know the one that can be referenced from ie. GameObjects
'Packages/com.meta.xr.sdk.core/Editor/BuildingBlocks/BlocksWindowDetailsExtension.cs' contains partial class of Unity.Object, exactly 1 of the partial classes needs to be in a file with the same filename. This is to know the one that can be referenced from ie. GameObjects
'Packages/com.meta.xr.sdk.core/Editor/BuildingBlocks/BlocksWindowCollectionsPageExtension.cs' contains partial class of Unity.Object, exactly 1 of the partial classes needs to be in a file with the same filename. This is to know the one that can be referenced from ie. GameObjects
Refreshing native plugins compatible for Editor in 20.49 ms, found 18 plugins.
Native extension for Android target not found
Native extension for WindowsStandalone target not found
Refreshing native plugins compatible for Editor in 18.21 ms, found 18 plugins.
[Package Manager] Failed to launch server process. Reason: Unity was launched with the -noUpm command-line argument
[Package Manager] Unable to send message (not connected to server process).
[Package Manager] Cannot connect to Unity Package Manager local server
[Package Manager] Failed to launch server process. Reason: Unity was launched with the -noUpm command-line argument
[Package Manager] Unable to send message (not connected to server process).
[Package Manager] Cannot connect to Unity Package Manager local server
Mono: successfully reloaded assembly
[Package Manager] Failed to launch server process. Reason: Unity was launched with the -noUpm command-line argument
[Package Manager] Unable to send message (not connected to server process).
[Package Manager] Cannot connect to Unity Package Manager local server
- Finished resetting the current domain, in  2.781 seconds
Domain Reload Profiling: 4078ms
	BeginReloadAssembly (442ms)
		ExecutionOrderSort (0ms)
		DisableScriptedObjects (7ms)
		BackupInstance (0ms)
		ReleaseScriptingObjects (0ms)
		CreateAndSetChildDomain (92ms)
	RebuildCommonClasses (40ms)
	RebuildNativeTypeToScriptingClass (17ms)
	initialDomainReloadingComplete (31ms)
	LoadAllAssembliesAndSetupDomain (767ms)
		LoadAssemblies (507ms)
		RebuildTransferFunctionScriptingTraits (0ms)
		AnalyzeDomain (367ms)
			TypeCache.Refresh (13ms)
				TypeCache.ScanAssembly (0ms)
			BuildScriptInfoCaches (321ms)
			ResolveRequiredComponents (29ms)
	FinalizeReload (2781ms)
		ReleaseScriptCaches (0ms)
		RebuildScriptCaches (0ms)
		SetupLoadedEditorAssemblies (1940ms)
			LogAssemblyErrors (0ms)
			InitializePlatformSupportModulesInManaged (13ms)
			SetLoadedEditorAssemblies (9ms)
			BeforeProcessingInitializeOnLoad (166ms)
			ProcessInitializeOnLoadAttributes (1558ms)
			ProcessInitializeOnLoadMethodAttributes (183ms)
			AfterProcessingInitializeOnLoad (8ms)
			EditorAssembliesLoaded (1ms)
		ExecutionOrderSort2 (0ms)
		AwakeInstancesAfterBackupRestoration (18ms)
Shader 'Oculus/OVRMRCameraFrameLit': fallback shader 'Alpha-Diffuse' not found
Shader 'Meta/MRUK/Scene/HighlightsAndShadows': fallback shader 'Off' not found
Refreshing native plugins compatible for Editor in 18.49 ms, found 18 plugins.
Preloading 2 native plugins for Editor in 0.10 ms.
Unloading 83 Unused Serialized files (Serialized files now loaded: 0)
Unloading 9221 unused Assets / (11.4 MB). Loaded Objects now: 10196.
Memory consumption went from 256.2 MB to 244.7 MB.
Total: 31.626700 ms (FindLiveObjects: 1.127600 ms CreateObjectMapping: 1.795500 ms MarkObjects: 21.611100 ms  DeleteObjects: 7.091200 ms)

Prepare: number of updated asset objects reloaded= 0
========================================================================
Received Prepare
Begin MonoManager ReloadAssembly
NullReferenceException: Object reference not set to an instance of an object
  at Tripolygon.UModeler.Hub.HubAnalytics.OnRelease (System.Boolean isReloading) [0x00019] in <796d15bd8fc549d4a7d2e0ec26344f93>:0 
  at Tripolygon.UModeler.Analytics.AnalyticsBase.Release (System.Boolean isReloading) [0x00000] in <796d15bd8fc549d4a7d2e0ec26344f93>:0 
  at Tripolygon.UModeler.Hub.HubAnalyticsService.OnRelease (System.Boolean isReloading) [0x00000] in <796d15bd8fc549d4a7d2e0ec26344f93>:0 
  at Tripolygon.UModeler.UI.ApplicationServiceBase.Application_Released (System.Object sender, Tripolygon.UModeler.UI.ApplicationReleasedEventArgs e) [0x00007] in <db0f9bfc5ab342038dd25261e46cfd15>:0 
  at (wrapper delegate-invoke) System.EventHandler`1[Tripolygon.UModeler.UI.ApplicationReleasedEventArgs].invoke_void_object_TEventArgs(object,Tripolygon.UModeler.UI.ApplicationReleasedEventArgs)
  at Tripolygon.UModeler.UI.Application.Release (System.Boolean isReloading) [0x0005f] in <db0f9bfc5ab342038dd25261e46cfd15>:0 
  at Tripolygon.UModeler.Editor.UI.UnityEditorApplication+<>c.<.cctor>b__6_1 () [0x00029] in <796d15bd8fc549d4a7d2e0ec26344f93>:0 
  at UnityEditor.AssemblyReloadEvents.OnBeforeAssemblyReload () [0x00017] in <20f98a04ac634cc8bf5f95425bb19bb9>:0 

Symbol file LoadedFromMemory is not a mono symbol file
- Loaded All Assemblies, in  1.166 seconds
Script 'CharacterController' has the same name as built-in Unity component.
AddComponent and GetComponent will not work with this script.
'Packages/com.meta.xr.sdk.core/Editor/BuildingBlocks/BlocksWindow.cs' contains partial class of Unity.Object, exactly 1 of the partial classes needs to be in a file with the same filename. This is to know the one that can be referenced from ie. GameObjects
'Packages/com.meta.xr.sdk.core/Editor/BuildingBlocks/BlocksWindowDetailsExtension.cs' contains partial class of Unity.Object, exactly 1 of the partial classes needs to be in a file with the same filename. This is to know the one that can be referenced from ie. GameObjects
'Packages/com.meta.xr.sdk.core/Editor/BuildingBlocks/BlocksWindowCollectionsPageExtension.cs' contains partial class of Unity.Object, exactly 1 of the partial classes needs to be in a file with the same filename. This is to know the one that can be referenced from ie. GameObjects
Refreshing native plugins compatible for Editor in 16.89 ms, found 18 plugins.
Native extension for Android target not found
Native extension for WindowsStandalone target not found
Refreshing native plugins compatible for Editor in 16.09 ms, found 18 plugins.
[Package Manager] Failed to launch server process. Reason: Unity was launched with the -noUpm command-line argument
[Package Manager] Unable to send message (not connected to server process).
[Package Manager] Cannot connect to Unity Package Manager local server
[Package Manager] Failed to launch server process. Reason: Unity was launched with the -noUpm command-line argument
[Package Manager] Unable to send message (not connected to server process).
[Package Manager] Cannot connect to Unity Package Manager local server
Mono: successfully reloaded assembly
[Package Manager] Failed to launch server process. Reason: Unity was launched with the -noUpm command-line argument
[Package Manager] Unable to send message (not connected to server process).
[Package Manager] Cannot connect to Unity Package Manager local server
- Finished resetting the current domain, in  2.908 seconds
Domain Reload Profiling: 4070ms
	BeginReloadAssembly (388ms)
		ExecutionOrderSort (0ms)
		DisableScriptedObjects (7ms)
		BackupInstance (0ms)
		ReleaseScriptingObjects (0ms)
		CreateAndSetChildDomain (82ms)
	RebuildCommonClasses (41ms)
	RebuildNativeTypeToScriptingClass (19ms)
	initialDomainReloadingComplete (30ms)
	LoadAllAssembliesAndSetupDomain (683ms)
		LoadAssemblies (426ms)
		RebuildTransferFunctionScriptingTraits (0ms)
		AnalyzeDomain (357ms)
			TypeCache.Refresh (18ms)
				TypeCache.ScanAssembly (0ms)
			BuildScriptInfoCaches (308ms)
			ResolveRequiredComponents (28ms)
	FinalizeReload (2909ms)
		ReleaseScriptCaches (0ms)
		RebuildScriptCaches (0ms)
		SetupLoadedEditorAssemblies (1820ms)
			LogAssemblyErrors (0ms)
			InitializePlatformSupportModulesInManaged (12ms)
			SetLoadedEditorAssemblies (7ms)
			BeforeProcessingInitializeOnLoad (155ms)
			ProcessInitializeOnLoadAttributes (1431ms)
			ProcessInitializeOnLoadMethodAttributes (204ms)
			AfterProcessingInitializeOnLoad (12ms)
			EditorAssembliesLoaded (1ms)
		ExecutionOrderSort2 (0ms)
		AwakeInstancesAfterBackupRestoration (19ms)
Shader 'Oculus/OVRMRCameraFrameLit': fallback shader 'Alpha-Diffuse' not found
Shader 'Meta/MRUK/Scene/HighlightsAndShadows': fallback shader 'Off' not found
Refreshing native plugins compatible for Editor in 18.42 ms, found 18 plugins.
Preloading 2 native plugins for Editor in 0.08 ms.
Unloading 83 Unused Serialized files (Serialized files now loaded: 0)
Unloading 9221 unused Assets / (11.8 MB). Loaded Objects now: 10199.
Memory consumption went from 256.2 MB to 244.4 MB.
Total: 33.707300 ms (FindLiveObjects: 1.406000 ms CreateObjectMapping: 2.676900 ms MarkObjects: 22.200700 ms  DeleteObjects: 7.421500 ms)

Prepare: number of updated asset objects reloaded= 0
========================================================================
Received Prepare
Begin MonoManager ReloadAssembly
NullReferenceException: Object reference not set to an instance of an object
  at Tripolygon.UModeler.Hub.HubAnalytics.OnRelease (System.Boolean isReloading) [0x00019] in <796d15bd8fc549d4a7d2e0ec26344f93>:0 
  at Tripolygon.UModeler.Analytics.AnalyticsBase.Release (System.Boolean isReloading) [0x00000] in <796d15bd8fc549d4a7d2e0ec26344f93>:0 
  at Tripolygon.UModeler.Hub.HubAnalyticsService.OnRelease (System.Boolean isReloading) [0x00000] in <796d15bd8fc549d4a7d2e0ec26344f93>:0 
  at Tripolygon.UModeler.UI.ApplicationServiceBase.Application_Released (System.Object sender, Tripolygon.UModeler.UI.ApplicationReleasedEventArgs e) [0x00007] in <db0f9bfc5ab342038dd25261e46cfd15>:0 
  at (wrapper delegate-invoke) System.EventHandler`1[Tripolygon.UModeler.UI.ApplicationReleasedEventArgs].invoke_void_object_TEventArgs(object,Tripolygon.UModeler.UI.ApplicationReleasedEventArgs)
  at Tripolygon.UModeler.UI.Application.Release (System.Boolean isReloading) [0x0005f] in <db0f9bfc5ab342038dd25261e46cfd15>:0 
  at Tripolygon.UModeler.Editor.UI.UnityEditorApplication+<>c.<.cctor>b__6_1 () [0x00029] in <796d15bd8fc549d4a7d2e0ec26344f93>:0 
  at UnityEditor.AssemblyReloadEvents.OnBeforeAssemblyReload () [0x00017] in <20f98a04ac634cc8bf5f95425bb19bb9>:0 

Symbol file LoadedFromMemory is not a mono symbol file
- Loaded All Assemblies, in  1.284 seconds
Script 'CharacterController' has the same name as built-in Unity component.
AddComponent and GetComponent will not work with this script.
'Packages/com.meta.xr.sdk.core/Editor/BuildingBlocks/BlocksWindow.cs' contains partial class of Unity.Object, exactly 1 of the partial classes needs to be in a file with the same filename. This is to know the one that can be referenced from ie. GameObjects
'Packages/com.meta.xr.sdk.core/Editor/BuildingBlocks/BlocksWindowDetailsExtension.cs' contains partial class of Unity.Object, exactly 1 of the partial classes needs to be in a file with the same filename. This is to know the one that can be referenced from ie. GameObjects
'Packages/com.meta.xr.sdk.core/Editor/BuildingBlocks/BlocksWindowCollectionsPageExtension.cs' contains partial class of Unity.Object, exactly 1 of the partial classes needs to be in a file with the same filename. This is to know the one that can be referenced from ie. GameObjects
Refreshing native plugins compatible for Editor in 21.99 ms, found 18 plugins.
Native extension for Android target not found
Native extension for WindowsStandalone target not found
Refreshing native plugins compatible for Editor in 17.11 ms, found 18 plugins.
[Package Manager] Failed to launch server process. Reason: Unity was launched with the -noUpm command-line argument
[Package Manager] Unable to send message (not connected to server process).
[Package Manager] Cannot connect to Unity Package Manager local server
[Package Manager] Failed to launch server process. Reason: Unity was launched with the -noUpm command-line argument
[Package Manager] Unable to send message (not connected to server process).
[Package Manager] Cannot connect to Unity Package Manager local server
Mono: successfully reloaded assembly
[Package Manager] Failed to launch server process. Reason: Unity was launched with the -noUpm command-line argument
[Package Manager] Unable to send message (not connected to server process).
[Package Manager] Cannot connect to Unity Package Manager local server
- Finished resetting the current domain, in  2.847 seconds
Domain Reload Profiling: 4127ms
	BeginReloadAssembly (429ms)
		ExecutionOrderSort (0ms)
		DisableScriptedObjects (9ms)
		BackupInstance (0ms)
		ReleaseScriptingObjects (0ms)
		CreateAndSetChildDomain (92ms)
	RebuildCommonClasses (43ms)
	RebuildNativeTypeToScriptingClass (17ms)
	initialDomainReloadingComplete (29ms)
	LoadAllAssembliesAndSetupDomain (761ms)
		LoadAssemblies (507ms)
		RebuildTransferFunctionScriptingTraits (0ms)
		AnalyzeDomain (369ms)
			TypeCache.Refresh (10ms)
				TypeCache.ScanAssembly (0ms)
			BuildScriptInfoCaches (324ms)
			ResolveRequiredComponents (30ms)
	FinalizeReload (2848ms)
		ReleaseScriptCaches (0ms)
		RebuildScriptCaches (0ms)
		SetupLoadedEditorAssemblies (1961ms)
			LogAssemblyErrors (0ms)
			InitializePlatformSupportModulesInManaged (14ms)
			SetLoadedEditorAssemblies (9ms)
			BeforeProcessingInitializeOnLoad (160ms)
			ProcessInitializeOnLoadAttributes (1576ms)
			ProcessInitializeOnLoadMethodAttributes (193ms)
			AfterProcessingInitializeOnLoad (8ms)
			EditorAssembliesLoaded (1ms)
		ExecutionOrderSort2 (0ms)
		AwakeInstancesAfterBackupRestoration (14ms)
Shader 'Oculus/OVRMRCameraFrameLit': fallback shader 'Alpha-Diffuse' not found
Shader 'Meta/MRUK/Scene/HighlightsAndShadows': fallback shader 'Off' not found
Refreshing native plugins compatible for Editor in 17.22 ms, found 18 plugins.
Preloading 2 native plugins for Editor in 0.08 ms.
Unloading 83 Unused Serialized files (Serialized files now loaded: 0)
Unloading 9221 unused Assets / (11.5 MB). Loaded Objects now: 10202.
Memory consumption went from 279.4 MB to 268.0 MB.
Total: 31.325400 ms (FindLiveObjects: 0.999000 ms CreateObjectMapping: 1.476100 ms MarkObjects: 21.906000 ms  DeleteObjects: 6.943000 ms)

Prepare: number of updated asset objects reloaded= 0
========================================================================
Received Prepare
Begin MonoManager ReloadAssembly
NullReferenceException: Object reference not set to an instance of an object
  at Tripolygon.UModeler.Hub.HubAnalytics.OnRelease (System.Boolean isReloading) [0x00019] in <796d15bd8fc549d4a7d2e0ec26344f93>:0 
  at Tripolygon.UModeler.Analytics.AnalyticsBase.Release (System.Boolean isReloading) [0x00000] in <796d15bd8fc549d4a7d2e0ec26344f93>:0 
  at Tripolygon.UModeler.Hub.HubAnalyticsService.OnRelease (System.Boolean isReloading) [0x00000] in <796d15bd8fc549d4a7d2e0ec26344f93>:0 
  at Tripolygon.UModeler.UI.ApplicationServiceBase.Application_Released (System.Object sender, Tripolygon.UModeler.UI.ApplicationReleasedEventArgs e) [0x00007] in <db0f9bfc5ab342038dd25261e46cfd15>:0 
  at (wrapper delegate-invoke) System.EventHandler`1[Tripolygon.UModeler.UI.ApplicationReleasedEventArgs].invoke_void_object_TEventArgs(object,Tripolygon.UModeler.UI.ApplicationReleasedEventArgs)
  at Tripolygon.UModeler.UI.Application.Release (System.Boolean isReloading) [0x0005f] in <db0f9bfc5ab342038dd25261e46cfd15>:0 
  at Tripolygon.UModeler.Editor.UI.UnityEditorApplication+<>c.<.cctor>b__6_1 () [0x00029] in <796d15bd8fc549d4a7d2e0ec26344f93>:0 
  at UnityEditor.AssemblyReloadEvents.OnBeforeAssemblyReload () [0x00017] in <20f98a04ac634cc8bf5f95425bb19bb9>:0 

Symbol file LoadedFromMemory is not a mono symbol file
- Loaded All Assemblies, in  1.303 seconds
Script 'CharacterController' has the same name as built-in Unity component.
AddComponent and GetComponent will not work with this script.
'Packages/com.meta.xr.sdk.core/Editor/BuildingBlocks/BlocksWindow.cs' contains partial class of Unity.Object, exactly 1 of the partial classes needs to be in a file with the same filename. This is to know the one that can be referenced from ie. GameObjects
'Packages/com.meta.xr.sdk.core/Editor/BuildingBlocks/BlocksWindowDetailsExtension.cs' contains partial class of Unity.Object, exactly 1 of the partial classes needs to be in a file with the same filename. This is to know the one that can be referenced from ie. GameObjects
'Packages/com.meta.xr.sdk.core/Editor/BuildingBlocks/BlocksWindowCollectionsPageExtension.cs' contains partial class of Unity.Object, exactly 1 of the partial classes needs to be in a file with the same filename. This is to know the one that can be referenced from ie. GameObjects
Refreshing native plugins compatible for Editor in 18.07 ms, found 18 plugins.
Native extension for Android target not found
Native extension for WindowsStandalone target not found
Refreshing native plugins compatible for Editor in 17.87 ms, found 18 plugins.
[Package Manager] Failed to launch server process. Reason: Unity was launched with the -noUpm command-line argument
[Package Manager] Unable to send message (not connected to server process).
[Package Manager] Cannot connect to Unity Package Manager local server
[Package Manager] Failed to launch server process. Reason: Unity was launched with the -noUpm command-line argument
[Package Manager] Unable to send message (not connected to server process).
[Package Manager] Cannot connect to Unity Package Manager local server
Mono: successfully reloaded assembly
[Package Manager] Failed to launch server process. Reason: Unity was launched with the -noUpm command-line argument
[Package Manager] Unable to send message (not connected to server process).
[Package Manager] Cannot connect to Unity Package Manager local server
- Finished resetting the current domain, in  2.862 seconds
Domain Reload Profiling: 4163ms
	BeginReloadAssembly (439ms)
		ExecutionOrderSort (0ms)
		DisableScriptedObjects (8ms)
		BackupInstance (0ms)
		ReleaseScriptingObjects (0ms)
		CreateAndSetChildDomain (90ms)
	RebuildCommonClasses (41ms)
	RebuildNativeTypeToScriptingClass (17ms)
	initialDomainReloadingComplete (29ms)
	LoadAllAssembliesAndSetupDomain (775ms)
		LoadAssemblies (499ms)
		RebuildTransferFunctionScriptingTraits (0ms)
		AnalyzeDomain (381ms)
			TypeCache.Refresh (13ms)
				TypeCache.ScanAssembly (0ms)
			BuildScriptInfoCaches (329ms)
			ResolveRequiredComponents (33ms)
	FinalizeReload (2862ms)
		ReleaseScriptCaches (0ms)
		RebuildScriptCaches (0ms)
		SetupLoadedEditorAssemblies (1990ms)
			LogAssemblyErrors (0ms)
			InitializePlatformSupportModulesInManaged (14ms)
			SetLoadedEditorAssemblies (8ms)
			BeforeProcessingInitializeOnLoad (174ms)
			ProcessInitializeOnLoadAttributes (1584ms)
			ProcessInitializeOnLoadMethodAttributes (201ms)
			AfterProcessingInitializeOnLoad (8ms)
			EditorAssembliesLoaded (1ms)
		ExecutionOrderSort2 (0ms)
		AwakeInstancesAfterBackupRestoration (14ms)
Shader 'Oculus/OVRMRCameraFrameLit': fallback shader 'Alpha-Diffuse' not found
Shader 'Meta/MRUK/Scene/HighlightsAndShadows': fallback shader 'Off' not found
Refreshing native plugins compatible for Editor in 17.76 ms, found 18 plugins.
Preloading 2 native plugins for Editor in 0.08 ms.
Unloading 83 Unused Serialized files (Serialized files now loaded: 0)
Unloading 9221 unused Assets / (11.6 MB). Loaded Objects now: 10205.
Memory consumption went from 256.2 MB to 244.6 MB.
Total: 34.796600 ms (FindLiveObjects: 1.187500 ms CreateObjectMapping: 3.108700 ms MarkObjects: 22.457200 ms  DeleteObjects: 8.041700 ms)

Prepare: number of updated asset objects reloaded= 0
========================================================================
Received Prepare
Begin MonoManager ReloadAssembly
NullReferenceException: Object reference not set to an instance of an object
  at Tripolygon.UModeler.Hub.HubAnalytics.OnRelease (System.Boolean isReloading) [0x00019] in <796d15bd8fc549d4a7d2e0ec26344f93>:0 
  at Tripolygon.UModeler.Analytics.AnalyticsBase.Release (System.Boolean isReloading) [0x00000] in <796d15bd8fc549d4a7d2e0ec26344f93>:0 
  at Tripolygon.UModeler.Hub.HubAnalyticsService.OnRelease (System.Boolean isReloading) [0x00000] in <796d15bd8fc549d4a7d2e0ec26344f93>:0 
  at Tripolygon.UModeler.UI.ApplicationServiceBase.Application_Released (System.Object sender, Tripolygon.UModeler.UI.ApplicationReleasedEventArgs e) [0x00007] in <db0f9bfc5ab342038dd25261e46cfd15>:0 
  at (wrapper delegate-invoke) System.EventHandler`1[Tripolygon.UModeler.UI.ApplicationReleasedEventArgs].invoke_void_object_TEventArgs(object,Tripolygon.UModeler.UI.ApplicationReleasedEventArgs)
  at Tripolygon.UModeler.UI.Application.Release (System.Boolean isReloading) [0x0005f] in <db0f9bfc5ab342038dd25261e46cfd15>:0 
  at Tripolygon.UModeler.Editor.UI.UnityEditorApplication+<>c.<.cctor>b__6_1 () [0x00029] in <796d15bd8fc549d4a7d2e0ec26344f93>:0 
  at UnityEditor.AssemblyReloadEvents.OnBeforeAssemblyReload () [0x00017] in <20f98a04ac634cc8bf5f95425bb19bb9>:0 

Symbol file LoadedFromMemory is not a mono symbol file
- Loaded All Assemblies, in  1.283 seconds
Script 'CharacterController' has the same name as built-in Unity component.
AddComponent and GetComponent will not work with this script.
'Packages/com.meta.xr.sdk.core/Editor/BuildingBlocks/BlocksWindow.cs' contains partial class of Unity.Object, exactly 1 of the partial classes needs to be in a file with the same filename. This is to know the one that can be referenced from ie. GameObjects
'Packages/com.meta.xr.sdk.core/Editor/BuildingBlocks/BlocksWindowDetailsExtension.cs' contains partial class of Unity.Object, exactly 1 of the partial classes needs to be in a file with the same filename. This is to know the one that can be referenced from ie. GameObjects
'Packages/com.meta.xr.sdk.core/Editor/BuildingBlocks/BlocksWindowCollectionsPageExtension.cs' contains partial class of Unity.Object, exactly 1 of the partial classes needs to be in a file with the same filename. This is to know the one that can be referenced from ie. GameObjects
Refreshing native plugins compatible for Editor in 20.71 ms, found 18 plugins.
Native extension for Android target not found
Native extension for WindowsStandalone target not found
Refreshing native plugins compatible for Editor in 18.82 ms, found 18 plugins.
[Package Manager] Failed to launch server process. Reason: Unity was launched with the -noUpm command-line argument
[Package Manager] Unable to send message (not connected to server process).
[Package Manager] Cannot connect to Unity Package Manager local server
[Package Manager] Failed to launch server process. Reason: Unity was launched with the -noUpm command-line argument
[Package Manager] Unable to send message (not connected to server process).
[Package Manager] Cannot connect to Unity Package Manager local server
Mono: successfully reloaded assembly
[Package Manager] Failed to launch server process. Reason: Unity was launched with the -noUpm command-line argument
[Package Manager] Unable to send message (not connected to server process).
[Package Manager] Cannot connect to Unity Package Manager local server
- Finished resetting the current domain, in  2.809 seconds
Domain Reload Profiling: 4089ms
	BeginReloadAssembly (429ms)
		ExecutionOrderSort (0ms)
		DisableScriptedObjects (9ms)
		BackupInstance (0ms)
		ReleaseScriptingObjects (0ms)
		CreateAndSetChildDomain (97ms)
	RebuildCommonClasses (45ms)
	RebuildNativeTypeToScriptingClass (19ms)
	initialDomainReloadingComplete (30ms)
	LoadAllAssembliesAndSetupDomain (756ms)
		LoadAssemblies (494ms)
		RebuildTransferFunctionScriptingTraits (0ms)
		AnalyzeDomain (374ms)
			TypeCache.Refresh (11ms)
				TypeCache.ScanAssembly (0ms)
			BuildScriptInfoCaches (326ms)
			ResolveRequiredComponents (32ms)
	FinalizeReload (2810ms)
		ReleaseScriptCaches (0ms)
		RebuildScriptCaches (0ms)
		SetupLoadedEditorAssemblies (1949ms)
			LogAssemblyErrors (0ms)
			InitializePlatformSupportModulesInManaged (13ms)
			SetLoadedEditorAssemblies (9ms)
			BeforeProcessingInitializeOnLoad (164ms)
			ProcessInitializeOnLoadAttributes (1541ms)
			ProcessInitializeOnLoadMethodAttributes (213ms)
			AfterProcessingInitializeOnLoad (8ms)
			EditorAssembliesLoaded (1ms)
		ExecutionOrderSort2 (0ms)
		AwakeInstancesAfterBackupRestoration (18ms)
Shader 'Oculus/OVRMRCameraFrameLit': fallback shader 'Alpha-Diffuse' not found
Shader 'Meta/MRUK/Scene/HighlightsAndShadows': fallback shader 'Off' not found
Refreshing native plugins compatible for Editor in 18.44 ms, found 18 plugins.
Preloading 2 native plugins for Editor in 0.11 ms.
Unloading 83 Unused Serialized files (Serialized files now loaded: 0)
Unloading 9221 unused Assets / (11.8 MB). Loaded Objects now: 10208.
Memory consumption went from 256.2 MB to 244.4 MB.
Total: 31.610200 ms (FindLiveObjects: 1.235700 ms CreateObjectMapping: 1.930100 ms MarkObjects: 21.833400 ms  DeleteObjects: 6.609700 ms)

Prepare: number of updated asset objects reloaded= 0
========================================================================
Received Prepare
Begin MonoManager ReloadAssembly
NullReferenceException: Object reference not set to an instance of an object
  at Tripolygon.UModeler.Hub.HubAnalytics.OnRelease (System.Boolean isReloading) [0x00019] in <796d15bd8fc549d4a7d2e0ec26344f93>:0 
  at Tripolygon.UModeler.Analytics.AnalyticsBase.Release (System.Boolean isReloading) [0x00000] in <796d15bd8fc549d4a7d2e0ec26344f93>:0 
  at Tripolygon.UModeler.Hub.HubAnalyticsService.OnRelease (System.Boolean isReloading) [0x00000] in <796d15bd8fc549d4a7d2e0ec26344f93>:0 
  at Tripolygon.UModeler.UI.ApplicationServiceBase.Application_Released (System.Object sender, Tripolygon.UModeler.UI.ApplicationReleasedEventArgs e) [0x00007] in <db0f9bfc5ab342038dd25261e46cfd15>:0 
  at (wrapper delegate-invoke) System.EventHandler`1[Tripolygon.UModeler.UI.ApplicationReleasedEventArgs].invoke_void_object_TEventArgs(object,Tripolygon.UModeler.UI.ApplicationReleasedEventArgs)
  at Tripolygon.UModeler.UI.Application.Release (System.Boolean isReloading) [0x0005f] in <db0f9bfc5ab342038dd25261e46cfd15>:0 
  at Tripolygon.UModeler.Editor.UI.UnityEditorApplication+<>c.<.cctor>b__6_1 () [0x00029] in <796d15bd8fc549d4a7d2e0ec26344f93>:0 
  at UnityEditor.AssemblyReloadEvents.OnBeforeAssemblyReload () [0x00017] in <20f98a04ac634cc8bf5f95425bb19bb9>:0 

Symbol file LoadedFromMemory is not a mono symbol file
- Loaded All Assemblies, in  1.289 seconds
Script 'CharacterController' has the same name as built-in Unity component.
AddComponent and GetComponent will not work with this script.
'Packages/com.meta.xr.sdk.core/Editor/BuildingBlocks/BlocksWindow.cs' contains partial class of Unity.Object, exactly 1 of the partial classes needs to be in a file with the same filename. This is to know the one that can be referenced from ie. GameObjects
'Packages/com.meta.xr.sdk.core/Editor/BuildingBlocks/BlocksWindowDetailsExtension.cs' contains partial class of Unity.Object, exactly 1 of the partial classes needs to be in a file with the same filename. This is to know the one that can be referenced from ie. GameObjects
'Packages/com.meta.xr.sdk.core/Editor/BuildingBlocks/BlocksWindowCollectionsPageExtension.cs' contains partial class of Unity.Object, exactly 1 of the partial classes needs to be in a file with the same filename. This is to know the one that can be referenced from ie. GameObjects
Refreshing native plugins compatible for Editor in 20.20 ms, found 18 plugins.
Native extension for Android target not found
Native extension for WindowsStandalone target not found
Refreshing native plugins compatible for Editor in 17.58 ms, found 18 plugins.
[Package Manager] Failed to launch server process. Reason: Unity was launched with the -noUpm command-line argument
[Package Manager] Unable to send message (not connected to server process).
[Package Manager] Cannot connect to Unity Package Manager local server
[Package Manager] Failed to launch server process. Reason: Unity was launched with the -noUpm command-line argument
[Package Manager] Unable to send message (not connected to server process).
[Package Manager] Cannot connect to Unity Package Manager local server
Mono: successfully reloaded assembly
[Package Manager] Failed to launch server process. Reason: Unity was launched with the -noUpm command-line argument
[Package Manager] Unable to send message (not connected to server process).
[Package Manager] Cannot connect to Unity Package Manager local server
- Finished resetting the current domain, in  2.829 seconds
Domain Reload Profiling: 4117ms
	BeginReloadAssembly (424ms)
		ExecutionOrderSort (0ms)
		DisableScriptedObjects (8ms)
		BackupInstance (0ms)
		ReleaseScriptingObjects (0ms)
		CreateAndSetChildDomain (90ms)
	RebuildCommonClasses (47ms)
	RebuildNativeTypeToScriptingClass (19ms)
	initialDomainReloadingComplete (31ms)
	LoadAllAssembliesAndSetupDomain (763ms)
		LoadAssemblies (498ms)
		RebuildTransferFunctionScriptingTraits (0ms)
		AnalyzeDomain (381ms)
			TypeCache.Refresh (14ms)
				TypeCache.ScanAssembly (0ms)
			BuildScriptInfoCaches (330ms)
			ResolveRequiredComponents (32ms)
	FinalizeReload (2833ms)
		ReleaseScriptCaches (0ms)
		RebuildScriptCaches (0ms)
		SetupLoadedEditorAssemblies (1982ms)
			LogAssemblyErrors (0ms)
			InitializePlatformSupportModulesInManaged (13ms)
			SetLoadedEditorAssemblies (8ms)
			BeforeProcessingInitializeOnLoad (162ms)
			ProcessInitializeOnLoadAttributes (1575ms)
			ProcessInitializeOnLoadMethodAttributes (215ms)
			AfterProcessingInitializeOnLoad (9ms)
			EditorAssembliesLoaded (1ms)
		ExecutionOrderSort2 (0ms)
		AwakeInstancesAfterBackupRestoration (17ms)
Shader 'Oculus/OVRMRCameraFrameLit': fallback shader 'Alpha-Diffuse' not found
Shader 'Meta/MRUK/Scene/HighlightsAndShadows': fallback shader 'Off' not found
Refreshing native plugins compatible for Editor in 19.01 ms, found 18 plugins.
Preloading 2 native plugins for Editor in 0.08 ms.
Unloading 83 Unused Serialized files (Serialized files now loaded: 0)
Unloading 9221 unused Assets / (11.6 MB). Loaded Objects now: 10211.
Memory consumption went from 256.2 MB to 244.6 MB.
Total: 33.123500 ms (FindLiveObjects: 1.523000 ms CreateObjectMapping: 2.638500 ms MarkObjects: 22.142400 ms  DeleteObjects: 6.818100 ms)

Prepare: number of updated asset objects reloaded= 0
========================================================================
Received Prepare
Begin MonoManager ReloadAssembly
NullReferenceException: Object reference not set to an instance of an object
  at Tripolygon.UModeler.Hub.HubAnalytics.OnRelease (System.Boolean isReloading) [0x00019] in <796d15bd8fc549d4a7d2e0ec26344f93>:0 
  at Tripolygon.UModeler.Analytics.AnalyticsBase.Release (System.Boolean isReloading) [0x00000] in <796d15bd8fc549d4a7d2e0ec26344f93>:0 
  at Tripolygon.UModeler.Hub.HubAnalyticsService.OnRelease (System.Boolean isReloading) [0x00000] in <796d15bd8fc549d4a7d2e0ec26344f93>:0 
  at Tripolygon.UModeler.UI.ApplicationServiceBase.Application_Released (System.Object sender, Tripolygon.UModeler.UI.ApplicationReleasedEventArgs e) [0x00007] in <db0f9bfc5ab342038dd25261e46cfd15>:0 
  at (wrapper delegate-invoke) System.EventHandler`1[Tripolygon.UModeler.UI.ApplicationReleasedEventArgs].invoke_void_object_TEventArgs(object,Tripolygon.UModeler.UI.ApplicationReleasedEventArgs)
  at Tripolygon.UModeler.UI.Application.Release (System.Boolean isReloading) [0x0005f] in <db0f9bfc5ab342038dd25261e46cfd15>:0 
  at Tripolygon.UModeler.Editor.UI.UnityEditorApplication+<>c.<.cctor>b__6_1 () [0x00029] in <796d15bd8fc549d4a7d2e0ec26344f93>:0 
  at UnityEditor.AssemblyReloadEvents.OnBeforeAssemblyReload () [0x00017] in <20f98a04ac634cc8bf5f95425bb19bb9>:0 

Symbol file LoadedFromMemory is not a mono symbol file
- Loaded All Assemblies, in  1.183 seconds
Script 'CharacterController' has the same name as built-in Unity component.
AddComponent and GetComponent will not work with this script.
'Packages/com.meta.xr.sdk.core/Editor/BuildingBlocks/BlocksWindow.cs' contains partial class of Unity.Object, exactly 1 of the partial classes needs to be in a file with the same filename. This is to know the one that can be referenced from ie. GameObjects
'Packages/com.meta.xr.sdk.core/Editor/BuildingBlocks/BlocksWindowDetailsExtension.cs' contains partial class of Unity.Object, exactly 1 of the partial classes needs to be in a file with the same filename. This is to know the one that can be referenced from ie. GameObjects
'Packages/com.meta.xr.sdk.core/Editor/BuildingBlocks/BlocksWindowCollectionsPageExtension.cs' contains partial class of Unity.Object, exactly 1 of the partial classes needs to be in a file with the same filename. This is to know the one that can be referenced from ie. GameObjects
Refreshing native plugins compatible for Editor in 16.21 ms, found 18 plugins.
Native extension for Android target not found
Native extension for WindowsStandalone target not found
Refreshing native plugins compatible for Editor in 15.75 ms, found 18 plugins.
[Package Manager] Failed to launch server process. Reason: Unity was launched with the -noUpm command-line argument
[Package Manager] Unable to send message (not connected to server process).
[Package Manager] Cannot connect to Unity Package Manager local server
[Package Manager] Failed to launch server process. Reason: Unity was launched with the -noUpm command-line argument
[Package Manager] Unable to send message (not connected to server process).
[Package Manager] Cannot connect to Unity Package Manager local server
Mono: successfully reloaded assembly
[Package Manager] Failed to launch server process. Reason: Unity was launched with the -noUpm command-line argument
[Package Manager] Unable to send message (not connected to server process).
[Package Manager] Cannot connect to Unity Package Manager local server
- Finished resetting the current domain, in  2.559 seconds
Domain Reload Profiling: 3737ms
	BeginReloadAssembly (395ms)
		ExecutionOrderSort (0ms)
		DisableScriptedObjects (9ms)
		BackupInstance (0ms)
		ReleaseScriptingObjects (0ms)
		CreateAndSetChildDomain (83ms)
	RebuildCommonClasses (41ms)
	RebuildNativeTypeToScriptingClass (19ms)
	initialDomainReloadingComplete (30ms)
	LoadAllAssembliesAndSetupDomain (693ms)
		LoadAssemblies (428ms)
		RebuildTransferFunctionScriptingTraits (0ms)
		AnalyzeDomain (367ms)
			TypeCache.Refresh (10ms)
				TypeCache.ScanAssembly (0ms)
			BuildScriptInfoCaches (326ms)
			ResolveRequiredComponents (28ms)
	FinalizeReload (2559ms)
		ReleaseScriptCaches (0ms)
		RebuildScriptCaches (0ms)
		SetupLoadedEditorAssemblies (1771ms)
			LogAssemblyErrors (0ms)
			InitializePlatformSupportModulesInManaged (12ms)
			SetLoadedEditorAssemblies (7ms)
			BeforeProcessingInitializeOnLoad (151ms)
			ProcessInitializeOnLoadAttributes (1403ms)
			ProcessInitializeOnLoadMethodAttributes (190ms)
			AfterProcessingInitializeOnLoad (8ms)
			EditorAssembliesLoaded (1ms)
		ExecutionOrderSort2 (0ms)
		AwakeInstancesAfterBackupRestoration (14ms)
Shader 'Oculus/OVRMRCameraFrameLit': fallback shader 'Alpha-Diffuse' not found
Shader 'Meta/MRUK/Scene/HighlightsAndShadows': fallback shader 'Off' not found
Refreshing native plugins compatible for Editor in 18.58 ms, found 18 plugins.
Preloading 2 native plugins for Editor in 0.08 ms.
Unloading 83 Unused Serialized files (Serialized files now loaded: 0)
Unloading 9221 unused Assets / (12.0 MB). Loaded Objects now: 10214.
Memory consumption went from 326.0 MB to 314.0 MB.
Total: 34.402100 ms (FindLiveObjects: 1.331900 ms CreateObjectMapping: 2.091800 ms MarkObjects: 23.050200 ms  DeleteObjects: 7.926900 ms)

Prepare: number of updated asset objects reloaded= 0
========================================================================
Received Prepare
Begin MonoManager ReloadAssembly
NullReferenceException: Object reference not set to an instance of an object
  at Tripolygon.UModeler.Hub.HubAnalytics.OnRelease (System.Boolean isReloading) [0x00019] in <796d15bd8fc549d4a7d2e0ec26344f93>:0 
  at Tripolygon.UModeler.Analytics.AnalyticsBase.Release (System.Boolean isReloading) [0x00000] in <796d15bd8fc549d4a7d2e0ec26344f93>:0 
  at Tripolygon.UModeler.Hub.HubAnalyticsService.OnRelease (System.Boolean isReloading) [0x00000] in <796d15bd8fc549d4a7d2e0ec26344f93>:0 
  at Tripolygon.UModeler.UI.ApplicationServiceBase.Application_Released (System.Object sender, Tripolygon.UModeler.UI.ApplicationReleasedEventArgs e) [0x00007] in <db0f9bfc5ab342038dd25261e46cfd15>:0 
  at (wrapper delegate-invoke) System.EventHandler`1[Tripolygon.UModeler.UI.ApplicationReleasedEventArgs].invoke_void_object_TEventArgs(object,Tripolygon.UModeler.UI.ApplicationReleasedEventArgs)
  at Tripolygon.UModeler.UI.Application.Release (System.Boolean isReloading) [0x0005f] in <db0f9bfc5ab342038dd25261e46cfd15>:0 
  at Tripolygon.UModeler.Editor.UI.UnityEditorApplication+<>c.<.cctor>b__6_1 () [0x00029] in <796d15bd8fc549d4a7d2e0ec26344f93>:0 
  at UnityEditor.AssemblyReloadEvents.OnBeforeAssemblyReload () [0x00017] in <20f98a04ac634cc8bf5f95425bb19bb9>:0 

Symbol file LoadedFromMemory is not a mono symbol file
- Loaded All Assemblies, in  1.270 seconds
Script 'CharacterController' has the same name as built-in Unity component.
AddComponent and GetComponent will not work with this script.
'Packages/com.meta.xr.sdk.core/Editor/BuildingBlocks/BlocksWindow.cs' contains partial class of Unity.Object, exactly 1 of the partial classes needs to be in a file with the same filename. This is to know the one that can be referenced from ie. GameObjects
'Packages/com.meta.xr.sdk.core/Editor/BuildingBlocks/BlocksWindowDetailsExtension.cs' contains partial class of Unity.Object, exactly 1 of the partial classes needs to be in a file with the same filename. This is to know the one that can be referenced from ie. GameObjects
'Packages/com.meta.xr.sdk.core/Editor/BuildingBlocks/BlocksWindowCollectionsPageExtension.cs' contains partial class of Unity.Object, exactly 1 of the partial classes needs to be in a file with the same filename. This is to know the one that can be referenced from ie. GameObjects
Refreshing native plugins compatible for Editor in 17.35 ms, found 18 plugins.
Native extension for Android target not found
Native extension for WindowsStandalone target not found
Refreshing native plugins compatible for Editor in 17.90 ms, found 18 plugins.
[Package Manager] Failed to launch server process. Reason: Unity was launched with the -noUpm command-line argument
[Package Manager] Unable to send message (not connected to server process).
[Package Manager] Cannot connect to Unity Package Manager local server
[Package Manager] Failed to launch server process. Reason: Unity was launched with the -noUpm command-line argument
[Package Manager] Unable to send message (not connected to server process).
[Package Manager] Cannot connect to Unity Package Manager local server
Mono: successfully reloaded assembly
[Package Manager] Failed to launch server process. Reason: Unity was launched with the -noUpm command-line argument
[Package Manager] Unable to send message (not connected to server process).
[Package Manager] Cannot connect to Unity Package Manager local server
- Finished resetting the current domain, in  2.791 seconds
Domain Reload Profiling: 4056ms
	BeginReloadAssembly (434ms)
		ExecutionOrderSort (0ms)
		DisableScriptedObjects (8ms)
		BackupInstance (0ms)
		ReleaseScriptingObjects (0ms)
		CreateAndSetChildDomain (94ms)
	RebuildCommonClasses (45ms)
	RebuildNativeTypeToScriptingClass (18ms)
	initialDomainReloadingComplete (29ms)
	LoadAllAssembliesAndSetupDomain (735ms)
		LoadAssemblies (461ms)
		RebuildTransferFunctionScriptingTraits (0ms)
		AnalyzeDomain (384ms)
			TypeCache.Refresh (13ms)
				TypeCache.ScanAssembly (0ms)
			BuildScriptInfoCaches (333ms)
			ResolveRequiredComponents (33ms)
	FinalizeReload (2796ms)
		ReleaseScriptCaches (0ms)
		RebuildScriptCaches (0ms)
		SetupLoadedEditorAssemblies (1970ms)
			LogAssemblyErrors (0ms)
			InitializePlatformSupportModulesInManaged (13ms)
			SetLoadedEditorAssemblies (8ms)
			BeforeProcessingInitializeOnLoad (165ms)
			ProcessInitializeOnLoadAttributes (1567ms)
			ProcessInitializeOnLoadMethodAttributes (207ms)
			AfterProcessingInitializeOnLoad (10ms)
			EditorAssembliesLoaded (1ms)
		ExecutionOrderSort2 (0ms)
		AwakeInstancesAfterBackupRestoration (16ms)
Shader 'Oculus/OVRMRCameraFrameLit': fallback shader 'Alpha-Diffuse' not found
Shader 'Meta/MRUK/Scene/HighlightsAndShadows': fallback shader 'Off' not found
Refreshing native plugins compatible for Editor in 18.99 ms, found 18 plugins.
Preloading 2 native plugins for Editor in 0.10 ms.
Unloading 83 Unused Serialized files (Serialized files now loaded: 0)
Unloading 9221 unused Assets / (11.8 MB). Loaded Objects now: 10217.
Memory consumption went from 256.2 MB to 244.4 MB.
Total: 33.818400 ms (FindLiveObjects: 1.358400 ms CreateObjectMapping: 2.036900 ms MarkObjects: 23.127400 ms  DeleteObjects: 7.294600 ms)

Prepare: number of updated asset objects reloaded= 0
